###############################################################################
#
# IAR ELF Linker V8.20.2.14835/W32 for ARM                12/May/2018  12:24:44
# Copyright 2007-2017 IAR Systems AB.
#
#    Output file  =  
#        C:\Users\Elias\Desktop\II1302\se.kth.ii1302.grupp2\hardware\wifi\digiboard-wifi\EWARM\digiboard-wifi\Exe\digiboard-wifi.out
#    Map file     =  
#        C:\Users\Elias\Desktop\II1302\se.kth.ii1302.grupp2\hardware\wifi\digiboard-wifi\EWARM\digiboard-wifi\List\digiboard-wifi.map
#    Command line =  
#        -f C:\Users\Elias\AppData\Local\Temp\EWB061.tmp
#        (C:\Users\Elias\Desktop\II1302\se.kth.ii1302.grupp2\hardware\wifi\digiboard-wifi\EWARM\digiboard-wifi\Obj\displayMethods.o
#        C:\Users\Elias\Desktop\II1302\se.kth.ii1302.grupp2\hardware\wifi\digiboard-wifi\EWARM\digiboard-wifi\Obj\gpio.o
#        C:\Users\Elias\Desktop\II1302\se.kth.ii1302.grupp2\hardware\wifi\digiboard-wifi\EWARM\digiboard-wifi\Obj\initWifi.o
#        C:\Users\Elias\Desktop\II1302\se.kth.ii1302.grupp2\hardware\wifi\digiboard-wifi\EWARM\digiboard-wifi\Obj\main.o
#        C:\Users\Elias\Desktop\II1302\se.kth.ii1302.grupp2\hardware\wifi\digiboard-wifi\EWARM\digiboard-wifi\Obj\readWifi.o
#        C:\Users\Elias\Desktop\II1302\se.kth.ii1302.grupp2\hardware\wifi\digiboard-wifi\EWARM\digiboard-wifi\Obj\spi.o
#        C:\Users\Elias\Desktop\II1302\se.kth.ii1302.grupp2\hardware\wifi\digiboard-wifi\EWARM\digiboard-wifi\Obj\startup_stm32f303x8.o
#        C:\Users\Elias\Desktop\II1302\se.kth.ii1302.grupp2\hardware\wifi\digiboard-wifi\EWARM\digiboard-wifi\Obj\stm32f3xx_hal.o
#        C:\Users\Elias\Desktop\II1302\se.kth.ii1302.grupp2\hardware\wifi\digiboard-wifi\EWARM\digiboard-wifi\Obj\stm32f3xx_hal_cortex.o
#        C:\Users\Elias\Desktop\II1302\se.kth.ii1302.grupp2\hardware\wifi\digiboard-wifi\EWARM\digiboard-wifi\Obj\stm32f3xx_hal_dma.o
#        C:\Users\Elias\Desktop\II1302\se.kth.ii1302.grupp2\hardware\wifi\digiboard-wifi\EWARM\digiboard-wifi\Obj\stm32f3xx_hal_flash.o
#        C:\Users\Elias\Desktop\II1302\se.kth.ii1302.grupp2\hardware\wifi\digiboard-wifi\EWARM\digiboard-wifi\Obj\stm32f3xx_hal_flash_ex.o
#        C:\Users\Elias\Desktop\II1302\se.kth.ii1302.grupp2\hardware\wifi\digiboard-wifi\EWARM\digiboard-wifi\Obj\stm32f3xx_hal_gpio.o
#        C:\Users\Elias\Desktop\II1302\se.kth.ii1302.grupp2\hardware\wifi\digiboard-wifi\EWARM\digiboard-wifi\Obj\stm32f3xx_hal_i2c.o
#        C:\Users\Elias\Desktop\II1302\se.kth.ii1302.grupp2\hardware\wifi\digiboard-wifi\EWARM\digiboard-wifi\Obj\stm32f3xx_hal_i2c_ex.o
#        C:\Users\Elias\Desktop\II1302\se.kth.ii1302.grupp2\hardware\wifi\digiboard-wifi\EWARM\digiboard-wifi\Obj\stm32f3xx_hal_msp.o
#        C:\Users\Elias\Desktop\II1302\se.kth.ii1302.grupp2\hardware\wifi\digiboard-wifi\EWARM\digiboard-wifi\Obj\stm32f3xx_hal_pwr.o
#        C:\Users\Elias\Desktop\II1302\se.kth.ii1302.grupp2\hardware\wifi\digiboard-wifi\EWARM\digiboard-wifi\Obj\stm32f3xx_hal_pwr_ex.o
#        C:\Users\Elias\Desktop\II1302\se.kth.ii1302.grupp2\hardware\wifi\digiboard-wifi\EWARM\digiboard-wifi\Obj\stm32f3xx_hal_rcc.o
#        C:\Users\Elias\Desktop\II1302\se.kth.ii1302.grupp2\hardware\wifi\digiboard-wifi\EWARM\digiboard-wifi\Obj\stm32f3xx_hal_rcc_ex.o
#        C:\Users\Elias\Desktop\II1302\se.kth.ii1302.grupp2\hardware\wifi\digiboard-wifi\EWARM\digiboard-wifi\Obj\stm32f3xx_hal_spi.o
#        C:\Users\Elias\Desktop\II1302\se.kth.ii1302.grupp2\hardware\wifi\digiboard-wifi\EWARM\digiboard-wifi\Obj\stm32f3xx_hal_spi_ex.o
#        C:\Users\Elias\Desktop\II1302\se.kth.ii1302.grupp2\hardware\wifi\digiboard-wifi\EWARM\digiboard-wifi\Obj\stm32f3xx_hal_tim.o
#        C:\Users\Elias\Desktop\II1302\se.kth.ii1302.grupp2\hardware\wifi\digiboard-wifi\EWARM\digiboard-wifi\Obj\stm32f3xx_hal_tim_ex.o
#        C:\Users\Elias\Desktop\II1302\se.kth.ii1302.grupp2\hardware\wifi\digiboard-wifi\EWARM\digiboard-wifi\Obj\stm32f3xx_hal_uart.o
#        C:\Users\Elias\Desktop\II1302\se.kth.ii1302.grupp2\hardware\wifi\digiboard-wifi\EWARM\digiboard-wifi\Obj\stm32f3xx_hal_uart_ex.o
#        C:\Users\Elias\Desktop\II1302\se.kth.ii1302.grupp2\hardware\wifi\digiboard-wifi\EWARM\digiboard-wifi\Obj\stm32f3xx_it.o
#        C:\Users\Elias\Desktop\II1302\se.kth.ii1302.grupp2\hardware\wifi\digiboard-wifi\EWARM\digiboard-wifi\Obj\system_stm32f3xx.o
#        C:\Users\Elias\Desktop\II1302\se.kth.ii1302.grupp2\hardware\wifi\digiboard-wifi\EWARM\digiboard-wifi\Obj\usart.o
#        --redirect _Printf=_PrintfFullNoMb --redirect _Scanf=_ScanfFullNoMb -o
#        C:\Users\Elias\Desktop\II1302\se.kth.ii1302.grupp2\hardware\wifi\digiboard-wifi\EWARM\digiboard-wifi\Exe\digiboard-wifi.out
#        --map
#        C:\Users\Elias\Desktop\II1302\se.kth.ii1302.grupp2\hardware\wifi\digiboard-wifi\EWARM\digiboard-wifi\List\digiboard-wifi.map
#        --config
#        C:\Users\Elias\Desktop\II1302\se.kth.ii1302.grupp2\hardware\wifi\digiboard-wifi\EWARM/stm32f303x8_flash.icf
#        --semihosting --entry __iar_program_start --vfe --text_out locale)
#
###############################################################################

*******************************************************************************
*** RUNTIME MODEL ATTRIBUTES
***

CppFlavor       = *
__SystemLibrary = DLib
__dlib_version  = 6


*******************************************************************************
*** HEAP SELECTION
***

The basic heap was selected because some modules are built with
size limitations (and not runtime checking), and --advanced_heap
was not specified.


*******************************************************************************
*** PLACEMENT SUMMARY
***

"A0":  place at 0x08000000 { ro section .intvec };
"P1":  place in [from 0x08000000 to 0x0800ffff] { ro };
define block CSTACK with size = 1K, alignment = 8 { };
define block HEAP with size = 512, alignment = 8 { };
"P2":  place in [from 0x20000000 to 0x20002fff] {
          rw, block CSTACK, block HEAP };
initialize by copy { rw };

  Section            Kind        Address    Size  Object
  -------            ----        -------    ----  ------
"A0":                                      0x188
  .intvec            ro code  0x08000000   0x188  startup_stm32f303x8.o [1]
                            - 0x08000188   0x188

"P1":                                     0x3888
  .text              ro code  0x08000188   0xe1e  xprintffull_nomb.o [3]
  .text              ro code  0x08000fa8    0x16  strchr.o [5]
  .text              ro code  0x08000fc0    0x44  xfail_s.o [3]
  .text              ro code  0x08001004    0x36  strlen.o [5]
  .text              ro code  0x0800103c    0x58  memchr.o [5]
  .text              ro code  0x08001094   0x22e  I64DivMod.o [5]
  .text              ro code  0x080012c4   0x1a2  DblMul.o [4]
  .text              ro code  0x08001468    0xa6  ABImemcpy.o [5]
  .text              ro code  0x08001510    0x70  frexp.o [4]
  .text              ro code  0x08001580    0x2e  DblCmpLe.o [4]
  .text              ro code  0x080015b0    0x2e  DblCmpGe.o [4]
  .text              ro code  0x080015e0   0x13a  ldexp.o [4]
  .text              ro code  0x0800171c    0x3a  DblToS32.o [4]
  .text              ro code  0x08001758    0x22  S32ToDbl.o [4]
  .text              ro code  0x0800177c    0xe2  DblSub.o [4]
  .text              ro code  0x08001860   0x246  DblDiv.o [4]
  .text              ro code  0x08001aa8    0x28  DblToU32.o [4]
  .text              ro code  0x08001ad0    0x1a  U32ToDbl.o [4]
  .text              ro code  0x08001aea     0x6  abort.o [3]
  .text              ro code  0x08001af0     0x2  I64DivZer.o [5]
  .text              ro code  0x08001af4   0x168  DblAdd.o [4]
  .text              ro code  0x08001c5c    0x14  exit.o [6]
  .text              ro code  0x08001c70    0x7c  iarttio.o [6]
  .text              ro code  0x08001cec    0x3c  XShttio.o [3]
  .text              ro code  0x08001d28   0x6a2  stm32f3xx_hal_uart.o [1]
  .text              ro code  0x080023cc    0xfc  usart.o [1]
  .text              ro code  0x080024c8    0x4e  stm32f3xx_hal_dma.o [1]
  .text              ro code  0x08002516     0x2  stm32f3xx_hal_uart.o [1]
  .text              ro code  0x08002518     0x2  stm32f3xx_hal_uart_ex.o [1]
  .text              ro code  0x0800251c   0x560  stm32f3xx_hal_rcc.o [1]
  .text              ro code  0x08002a7c     0xc  stm32f3xx_hal.o [1]
  .text              ro code  0x08002a88    0x64  readWifi.o [1]
  .text              ro code  0x08002aec   0x120  main.o [1]
  .text              ro code  0x08002c0c   0x17c  stm32f3xx_hal_gpio.o [1]
  .text              ro code  0x08002d88   0x10e  stm32f3xx_hal_cortex.o [1]
  .text              ro code  0x08002e98    0x28  stm32f3xx_hal.o [1]
  .text              ro code  0x08002ec0    0x28  printf.o [3]
  .text              ro code  0x08002ee8    0x24  stm32f3xx_hal.o [1]
  .text              ro code  0x08002f0c    0x70  gpio.o [1]
  .text              ro code  0x08002f7c   0x104  spi.o [1]
  .text              ro code  0x08003080    0xac  displayMethods.o [1]
  .text              ro code  0x0800312c   0x110  stm32f3xx_hal_rcc_ex.o [1]
  .text              ro code  0x0800323c    0x78  stm32f3xx_hal_msp.o [1]
  .text              ro code  0x080032b4   0x41a  stm32f3xx_hal_spi.o [1]
  .text              ro code  0x080036d0    0x7c  system_stm32f3xx.o [1]
  .text              ro code  0x0800374c    0x40  zero_init3.o [5]
  .text              ro code  0x0800378c    0x2c  copy_init3.o [5]
  .text              ro code  0x080037b8    0x28  stm32f3xx_it.o [1]
  .text              ro code  0x080037e0    0x10  stm32f3xx_hal.o [1]
  .text              ro code  0x080037f0    0x28  data_init.o [5]
  .text              ro code  0x08003818    0x22  fpinit_M.o [4]
  .text              ro code  0x0800383a    0x22  iarwrite.o [6]
  .iar.init_table    const    0x0800385c    0x24  - Linker created -
  .text              ro code  0x08003880    0x20  putchar.o [3]
  .text              ro code  0x080038a0    0x10  write.o [6]
  .text              ro code  0x080038b0    0x1e  dwrite.o [6]
  .text              ro code  0x080038ce    0x20  iarwstd.o [6]
  .text              ro code  0x080038f0    0x1e  cmain.o [5]
  .text              ro code  0x0800390e     0x4  low_level_init.o [3]
  .text              ro code  0x08003912     0x4  exit.o [3]
  .text              ro code  0x08003918     0xa  cexit.o [5]
  .text              ro code  0x08003922    0x16  xprout.o [3]
  .text              ro code  0x08003938    0x10  startup_stm32f303x8.o [1]
  .text              ro code  0x08003948     0xc  cstartup_M.o [5]
  Initializer bytes  const    0x08003954     0xc  <for P2-1>
  .rodata            const    0x08003960     0x8  system_stm32f3xx.o [1]
  .text              ro code  0x08003968     0x4  startup_stm32f303x8.o [1]
  .text              ro code  0x0800396c     0x4  startup_stm32f303x8.o [1]
  .text              ro code  0x08003970     0x4  startup_stm32f303x8.o [1]
  .text              ro code  0x08003974     0x4  startup_stm32f303x8.o [1]
  .text              ro code  0x08003978     0x4  startup_stm32f303x8.o [1]
  .text              ro code  0x0800397c     0x4  startup_stm32f303x8.o [1]
  .text              ro code  0x08003980     0x4  startup_stm32f303x8.o [1]
  .text              ro code  0x08003984     0x4  startup_stm32f303x8.o [1]
  .text              ro code  0x08003988     0x4  startup_stm32f303x8.o [1]
  .text              ro code  0x0800398c     0x4  startup_stm32f303x8.o [1]
  .text              ro code  0x08003990     0x4  startup_stm32f303x8.o [1]
  .text              ro code  0x08003994     0x4  startup_stm32f303x8.o [1]
  .text              ro code  0x08003998     0x4  startup_stm32f303x8.o [1]
  .text              ro code  0x0800399c     0x4  startup_stm32f303x8.o [1]
  .text              ro code  0x080039a0     0x4  startup_stm32f303x8.o [1]
  .text              ro code  0x080039a4     0x4  startup_stm32f303x8.o [1]
  .text              ro code  0x080039a8     0x4  startup_stm32f303x8.o [1]
  .text              ro code  0x080039ac     0x4  startup_stm32f303x8.o [1]
  .text              ro code  0x080039b0     0x4  startup_stm32f303x8.o [1]
  .text              ro code  0x080039b4     0x4  startup_stm32f303x8.o [1]
  .text              ro code  0x080039b8     0x4  startup_stm32f303x8.o [1]
  .text              ro code  0x080039bc     0x4  startup_stm32f303x8.o [1]
  .text              ro code  0x080039c0     0x4  startup_stm32f303x8.o [1]
  .text              ro code  0x080039c4     0x4  startup_stm32f303x8.o [1]
  .text              ro code  0x080039c8     0x4  startup_stm32f303x8.o [1]
  .text              ro code  0x080039cc     0x4  startup_stm32f303x8.o [1]
  .text              ro code  0x080039d0     0x4  startup_stm32f303x8.o [1]
  .text              ro code  0x080039d4     0x4  startup_stm32f303x8.o [1]
  .text              ro code  0x080039d8     0x4  startup_stm32f303x8.o [1]
  .text              ro code  0x080039dc     0x4  startup_stm32f303x8.o [1]
  .text              ro code  0x080039e0     0x4  startup_stm32f303x8.o [1]
  .text              ro code  0x080039e4     0x4  startup_stm32f303x8.o [1]
  .text              ro code  0x080039e8     0x4  startup_stm32f303x8.o [1]
  .text              ro code  0x080039ec     0x4  startup_stm32f303x8.o [1]
  .text              ro code  0x080039f0     0x4  startup_stm32f303x8.o [1]
  .text              ro code  0x080039f4     0x4  startup_stm32f303x8.o [1]
  .text              ro code  0x080039f8     0x4  startup_stm32f303x8.o [1]
  .text              ro code  0x080039fc     0x4  startup_stm32f303x8.o [1]
  .text              ro code  0x08003a00     0x4  startup_stm32f303x8.o [1]
  .text              ro code  0x08003a04     0x4  startup_stm32f303x8.o [1]
  .text              ro code  0x08003a08     0x4  startup_stm32f303x8.o [1]
  .text              ro code  0x08003a0c     0x4  startup_stm32f303x8.o [1]
  .rodata            const    0x08003a10     0x0  zero_init3.o [5]
  .rodata            const    0x08003a10     0x0  copy_init3.o [5]
                            - 0x08003a10  0x3888

"P2", part 1 of 3:                           0xc
  P2-1                        0x20000000     0xc  <Init block>
    .data            inited   0x20000000     0x4  system_stm32f3xx.o [1]
    .data            inited   0x20000004     0x8  XShttio.o [3]
                            - 0x2000000c     0xc

"P2", part 2 of 3:                         0x108
  .bss               zero     0x2000000c    0x70  usart.o [1]
  .bss               zero     0x2000007c    0x64  spi.o [1]
  .bss               zero     0x200000e0    0x28  readWifi.o [1]
  .bss               zero     0x20000108     0x4  stm32f3xx_hal.o [1]
  .bss               zero     0x2000010c     0x4  xfail_s.o [3]
  .bss               zero     0x20000110     0x1  readWifi.o [1]
  .bss               zero     0x20000111     0x1  XShttio.o [3]
                            - 0x20000112   0x106

"P2", part 3 of 3:                         0x400
  CSTACK                      0x20000118   0x400  <Block>
    CSTACK           uninit   0x20000118   0x400  <Block tail>
                            - 0x20000518   0x400


*******************************************************************************
*** INIT TABLE
***

          Address     Size
          -------     ----
Zero (__iar_zero_init3)
    1 destination range, total size 0x106:
          0x2000000c  0x106

Copy (__iar_copy_init3)
    1 source range, total size 0xc:
          0x08003954    0xc
    1 destination range, total size 0xc:
          0x20000000    0xc



*******************************************************************************
*** MODULE SUMMARY
***

    Module                   ro code  ro data  rw data
    ------                   -------  -------  -------
C:\Users\Elias\Desktop\II1302\se.kth.ii1302.grupp2\hardware\wifi\digiboard-wifi\EWARM\digiboard-wifi\Obj: [1]
    displayMethods.o             172
    gpio.o                       112
    main.o                       288
    readWifi.o                   100                41
    spi.o                        260               100
    startup_stm32f303x8.o        576
    stm32f3xx_hal.o              104                 4
    stm32f3xx_hal_cortex.o       270
    stm32f3xx_hal_dma.o           78
    stm32f3xx_hal_gpio.o         380
    stm32f3xx_hal_msp.o          120
    stm32f3xx_hal_rcc.o        1 376
    stm32f3xx_hal_rcc_ex.o       272
    stm32f3xx_hal_spi.o        1 050
    stm32f3xx_hal_uart.o       1 700
    stm32f3xx_hal_uart_ex.o        2
    stm32f3xx_it.o                40
    system_stm32f3xx.o           124       12        4
    usart.o                      252               112
    --------------------------------------------------
    Total:                     7 276       12      261

command line: [2]
    --------------------------------------------------
    Total:

dl7M_tln.a: [3]
    XShttio.o                     60        8        9
    abort.o                        6
    exit.o                         4
    low_level_init.o               4
    printf.o                      40
    putchar.o                     32
    xfail_s.o                     68                 4
    xprintffull_nomb.o         3 614
    xprout.o                      22
    --------------------------------------------------
    Total:                     3 850        8       13

m7M_tls.a: [4]
    DblAdd.o                     360
    DblCmpGe.o                    46
    DblCmpLe.o                    46
    DblDiv.o                     582
    DblMul.o                     418
    DblSub.o                     226
    DblToS32.o                    58
    DblToU32.o                    40
    S32ToDbl.o                    34
    U32ToDbl.o                    26
    fpinit_M.o                    34
    frexp.o                      112
    ldexp.o                      314
    --------------------------------------------------
    Total:                     2 296

rt7M_tl.a: [5]
    ABImemcpy.o                  166
    I64DivMod.o                  558
    I64DivZer.o                    2
    cexit.o                       10
    cmain.o                       30
    copy_init3.o                  44
    cstartup_M.o                  12
    data_init.o                   40
    memchr.o                      88
    strchr.o                      22
    strlen.o                      54
    zero_init3.o                  64
    --------------------------------------------------
    Total:                     1 090

shb_l.a: [6]
    dwrite.o                      30
    exit.o                        20
    iarttio.o                    124
    iarwrite.o                    34
    iarwstd.o                     32
    write.o                       16
    --------------------------------------------------
    Total:                       256

    Gaps                          40
    Linker created                         36    1 024
------------------------------------------------------
    Grand Total:              14 808       56    1 298


*******************************************************************************
*** ENTRY LIST
***

Entry                      Address   Size  Type      Object
-----                      -------   ----  ----      ------
.iar.init_table$$Base   0x0800385c          --   Gb  - Linker created -
.iar.init_table$$Limit  0x08003880          --   Gb  - Linker created -
?main                   0x080038f1         Code  Gb  cmain.o [5]
AHBPrescTable           0x0800373c   0x10  Data  Gb  system_stm32f3xx.o [1]
APBPrescTable           0x08003960    0x8  Data  Gb  system_stm32f3xx.o [1]
BusFault_Handler        0x080037bf    0x2  Code  Gb  stm32f3xx_it.o [1]
CSTACK$$Base            0x20000118          --   Gb  - Linker created -
CSTACK$$Limit           0x20000518          --   Gb  - Linker created -
DebugMon_Handler        0x080037c5    0x2  Code  Gb  stm32f3xx_it.o [1]
HAL_DMA_Abort_IT        0x080024c9   0x4e  Code  Gb  stm32f3xx_hal_dma.o [1]
HAL_GPIO_Init           0x08002c0d  0x154  Code  Gb  stm32f3xx_hal_gpio.o [1]
HAL_GPIO_WritePin       0x08002d61   0x10  Code  Gb  stm32f3xx_hal_gpio.o [1]
HAL_GetTick             0x08002a7d    0xc  Code  Wk  stm32f3xx_hal.o [1]
HAL_IncTick             0x080037e1   0x10  Code  Wk  stm32f3xx_hal.o [1]
HAL_Init                0x08002ee9   0x20  Code  Gb  stm32f3xx_hal.o [1]
HAL_InitTick            0x08002e99   0x28  Code  Wk  stm32f3xx_hal.o [1]
HAL_MspInit             0x0800323d   0x78  Code  Gb  stm32f3xx_hal_msp.o [1]
HAL_NVIC_EnableIRQ      0x08002e5b    0x2  Code  Gb  stm32f3xx_hal_cortex.o [1]
HAL_NVIC_SetPriority    0x08002e3d   0x1e  Code  Gb  stm32f3xx_hal_cortex.o [1]
HAL_NVIC_SetPriorityGrouping
                        0x08002e3b    0x2  Code  Gb  stm32f3xx_hal_cortex.o [1]
HAL_RCCEx_PeriphCLKConfig
                        0x0800312d  0x104  Code  Gb  stm32f3xx_hal_rcc_ex.o [1]
HAL_RCC_ClockConfig     0x08002883  0x142  Code  Gb  stm32f3xx_hal_rcc.o [1]
HAL_RCC_GetHCLKFreq     0x080029ff    0x6  Code  Gb  stm32f3xx_hal_rcc.o [1]
HAL_RCC_GetPCLK1Freq    0x08002a05   0x16  Code  Gb  stm32f3xx_hal_rcc.o [1]
HAL_RCC_GetPCLK2Freq    0x08002a1b   0x16  Code  Gb  stm32f3xx_hal_rcc.o [1]
HAL_RCC_GetSysClockFreq
                        0x080029c5   0x3a  Code  Gb  stm32f3xx_hal_rcc.o [1]
HAL_RCC_OscConfig       0x0800251d  0x366  Code  Gb  stm32f3xx_hal_rcc.o [1]
HAL_SPI_Init            0x080032b5   0xb4  Code  Gb  stm32f3xx_hal_spi.o [1]
HAL_SPI_MspInit         0x08002fd3   0x44  Code  Gb  spi.o [1]
HAL_SPI_Transmit        0x08003369  0x1c8  Code  Gb  stm32f3xx_hal_spi.o [1]
HAL_SYSTICK_CLKSourceConfig
                        0x08002e5f   0x18  Code  Gb  stm32f3xx_hal_cortex.o [1]
HAL_SYSTICK_Config      0x08002e5d    0x2  Code  Gb  stm32f3xx_hal_cortex.o [1]
HAL_SYSTICK_IRQHandler  0x08002e91    0x4  Code  Gb  stm32f3xx_hal_cortex.o [1]
HAL_UARTEx_WakeupCallback
                        0x08002519    0x2  Code  Wk  stm32f3xx_hal_uart_ex.o [1]
HAL_UART_IRQHandler     0x08001e2d  0x142  Code  Gb  stm32f3xx_hal_uart.o [1]
HAL_UART_Init           0x08001d29   0x6a  Code  Gb  stm32f3xx_hal_uart.o [1]
HAL_UART_MspInit        0x08002409   0x56  Code  Gb  usart.o [1]
HAL_UART_Receive_IT     0x08001d93   0x9a  Code  Gb  stm32f3xx_hal_uart.o [1]
HAL_UART_RxCpltCallback
                        0x08002ac1    0x8  Code  Gb  readWifi.o [1]
HAL_UART_TxCpltCallback
                        0x08002ac9    0x8  Code  Gb  readWifi.o [1]
HardFault_Handler       0x080037bb    0x2  Code  Gb  stm32f3xx_it.o [1]
LoadInt                 0x0800033b   0x7a  Code  Lc  xprintffull_nomb.o [3]
MX_GPIO_Init            0x08002f0d   0x70  Code  Gb  gpio.o [1]
MX_SPI1_Init            0x08002f7d   0x56  Code  Gb  spi.o [1]
MX_USART1_UART_Init     0x080023cd   0x3c  Code  Gb  usart.o [1]
MemManage_Handler       0x080037bd    0x2  Code  Gb  stm32f3xx_it.o [1]
NMI_Handler             0x080037b9    0x2  Code  Gb  stm32f3xx_it.o [1]
NVIC_EnableIRQ          0x08002dad   0x12  Code  Lc  stm32f3xx_hal_cortex.o [1]
NVIC_EncodePriority     0x08002ddd   0x36  Code  Lc  stm32f3xx_hal_cortex.o [1]
NVIC_GetPriorityGrouping
                        0x08002da3    0xa  Code  Lc  stm32f3xx_hal_cortex.o [1]
NVIC_SetPriority        0x08002dbf   0x1e  Code  Lc  stm32f3xx_hal_cortex.o [1]
NVIC_SetPriorityGrouping
                        0x08002d89   0x1a  Code  Lc  stm32f3xx_hal_cortex.o [1]
PendSV_Handler          0x080037c7    0x2  Code  Gb  stm32f3xx_it.o [1]
Region$$Table$$Base     0x0800385c          --   Gb  - Linker created -
Region$$Table$$Limit    0x08003880          --   Gb  - Linker created -
SPI_EndRxTxTransaction  0x08003667   0x68  Code  Lc  stm32f3xx_hal_spi.o [1]
SPI_WaitFifoStateUntilTimeout
                        0x080035c7   0xa0  Code  Lc  stm32f3xx_hal_spi.o [1]
SPI_WaitFlagStateUntilTimeout
                        0x08003531   0x96  Code  Lc  stm32f3xx_hal_spi.o [1]
SVC_Handler             0x080037c3    0x2  Code  Gb  stm32f3xx_it.o [1]
SysTick_Config          0x08002e13   0x28  Code  Lc  stm32f3xx_hal_cortex.o [1]
SysTick_Handler         0x080037c9    0xe  Code  Gb  stm32f3xx_it.o [1]
SystemClock_Config      0x08002b1d   0x92  Code  Gb  main.o [1]
SystemCoreClock         0x20000000    0x4  Data  Gb  system_stm32f3xx.o [1]
SystemInit              0x080036d1   0x52  Code  Gb  system_stm32f3xx.o [1]
UART_AdvFeatureConfig   0x08002119   0xc8  Code  Gb  stm32f3xx_hal_uart.o [1]
UART_CheckIdleState     0x080021e1   0x62  Code  Gb  stm32f3xx_hal_uart.o [1]
UART_DMAAbortOnError    0x080022c9   0x10  Code  Lc  stm32f3xx_hal_uart.o [1]
UART_EndRxTransfer      0x080022a9   0x1c  Code  Lc  stm32f3xx_hal_uart.o [1]
UART_EndTransmit_IT     0x0800233d   0x1a  Code  Gb  stm32f3xx_hal_uart.o [1]
UART_Receive_IT         0x08002357   0x74  Code  Gb  stm32f3xx_hal_uart.o [1]
UART_SetConfig          0x08001f71  0x18a  Code  Gb  stm32f3xx_hal_uart.o [1]
UART_Transmit_IT        0x080022d9   0x64  Code  Gb  stm32f3xx_hal_uart.o [1]
UART_WaitOnFlagUntilTimeout
                        0x08002243   0x66  Code  Gb  stm32f3xx_hal_uart.o [1]
USART1_IRQHandler       0x080037d7    0x6  Code  Gb  stm32f3xx_it.o [1]
UartReady               0x20000110    0x1  Data  Gb  readWifi.o [1]
UsageFault_Handler      0x080037c1    0x2  Code  Gb  stm32f3xx_it.o [1]
_Error_Handler          0x08002baf    0x2  Code  Gb  main.o [1]
_GenldFullNoMb          0x08000ca7  0x274  Code  Lc  xprintffull_nomb.o [3]
_LdtobFullNoMb          0x0800087d  0x3fe  Code  Lc  xprintffull_nomb.o [3]
_LitobFullNoMb          0x08000725  0x112  Code  Lc  xprintffull_nomb.o [3]
_PrintfFullNoMb         0x08000189  0x1a4  Code  Gb  xprintffull_nomb.o [3]
_Prout                  0x08003923   0x16  Code  Gb  xprout.o [3]
_PutcharsFullNoMb       0x08000f1b   0x2e  Code  Lc  xprintffull_nomb.o [3]
_PutfldFullNoMb         0x080003b5  0x264  Code  Lc  xprintffull_nomb.o [3]
_PuttxtFullNoMb         0x08000619  0x10c  Code  Lc  xprintffull_nomb.o [3]
__aeabi_cdcmple         0x08001581         Code  Gb  DblCmpLe.o [4]
__aeabi_cdrcmple        0x080015b1         Code  Gb  DblCmpGe.o [4]
__aeabi_d2iz            0x0800171d         Code  Gb  DblToS32.o [4]
__aeabi_d2uiz           0x08001aa9         Code  Gb  DblToU32.o [4]
__aeabi_ddiv            0x08001861         Code  Gb  DblDiv.o [4]
__aeabi_dmul            0x080012c5         Code  Gb  DblMul.o [4]
__aeabi_dsub            0x0800177d         Code  Gb  DblSub.o [4]
__aeabi_i2d             0x08001759         Code  Gb  S32ToDbl.o [4]
__aeabi_ldiv0           0x08001af1         Code  Gb  I64DivZer.o [5]
__aeabi_memcpy          0x08001469         Code  Gb  ABImemcpy.o [5]
__aeabi_memcpy4         0x08001489         Code  Gb  ABImemcpy.o [5]
__aeabi_memcpy8         0x08001489         Code  Gb  ABImemcpy.o [5]
__aeabi_ui2d            0x08001ad1         Code  Gb  U32ToDbl.o [4]
__aeabi_uldivmod        0x08001095         Code  Gb  I64DivMod.o [5]
__cmain                 0x080038f1         Code  Gb  cmain.o [5]
__dwrite                0x080038b1   0x1e  Code  Gb  dwrite.o [6]
__exit                  0x08001c5d   0x14  Code  Gb  exit.o [6]
__iar_Fail_s            0x08000fc1   0x1e  Code  Gb  xfail_s.o [3]
__iar_Memchr            0x0800103d         Code  Gb  memchr.o [5]
__iar_Strchr            0x08000fa9         Code  Gb  strchr.o [5]
__iar_close_ttio        0x08001c71   0x2c  Code  Gb  iarttio.o [6]
__iar_copy_init3        0x0800378d   0x2c  Code  Gb  copy_init3.o [5]
__iar_dadd              0x0800178d         Code  Gb  DblSub.o [4]
__iar_data_init3        0x080037f1   0x28  Code  Gb  data_init.o [5]
__iar_dsub              0x08001af5         Code  Gb  DblAdd.o [4]
__iar_dsubStart         0x08001b07         Code  Gb  DblAdd.o [4]
__iar_frexp             0x0800151d         Code  Gb  frexp.o [4]
__iar_frexpl            0x0800151d         Code  Gb  frexp.o [4]
__iar_get_ttio          0x08001c9d   0x4c  Code  Gb  iarttio.o [6]
__iar_init_vfp          0x08003819         Code  Gb  fpinit_M.o [4]
__iar_ldexp64           0x080015e1         Code  Gb  ldexp.o [4]
__iar_lookup_ttioh      0x08001d1b    0x4  Code  Gb  XShttio.o [3]
__iar_program_start     0x08003949         Code  Gb  cstartup_M.o [5]
__iar_scalbln64         0x080015e1         Code  Gb  ldexp.o [4]
__iar_scalbn64          0x080015e1         Code  Gb  ldexp.o [4]
__iar_sh_stdout         0x080038cf   0x20  Code  Gb  iarwstd.o [6]
__iar_sh_write          0x0800383b   0x22  Code  Gb  iarwrite.o [6]
__iar_softfp___iar_frexp64
                        0x08001511         Code  Gb  frexp.o [4]
__iar_softfp_frexp      0x08001511         Code  Gb  frexp.o [4]
__iar_softfp_frexpl     0x08001511         Code  Gb  frexp.o [4]
__iar_systems$$module {Abs}
                        0x00000001         Data  Gb  command line/config [2]
__iar_ttio_guard_lock   0x08001ced   0x1e  Code  Gb  XShttio.o [3]
__iar_ttio_guard_unlock
                        0x08001d0b   0x10  Code  Gb  XShttio.o [3]
__iar_ttio_handles      0x20000004    0x8  Data  Lc  XShttio.o [3]
__iar_zero_init3        0x0800374d   0x40  Code  Gb  zero_init3.o [5]
__low_level_init        0x0800390f    0x4  Code  Gb  low_level_init.o [3]
__vector_table          0x08000000         Data  Gb  startup_stm32f303x8.o [1]
__write                 0x080038a1   0x10  Code  Gb  write.o [6]
_call_main              0x080038fd         Code  Gb  cmain.o [5]
_exit                   0x08003919         Code  Gb  cexit.o [5]
_main                   0x0800390b         Code  Gb  cmain.o [5]
aPLLMULFactorTable      0x08002a5c   0x10  Data  Gb  stm32f3xx_hal_rcc.o [1]
aPredivFactorTable      0x08002a6c   0x10  Data  Gb  stm32f3xx_hal_rcc.o [1]
abort                   0x08001aeb    0x6  Code  Gb  abort.o [3]
clearBufferIT           0x08002aaf   0x12  Code  Gb  readWifi.o [1]
displayInit             0x08003081   0x7a  Code  Gb  displayMethods.o [1]
exit                    0x08003913    0x4  Code  Gb  exit.o [3]
hspi1                   0x2000007c   0x64  Data  Gb  spi.o [1]
huart1                  0x2000000c   0x70  Data  Gb  usart.o [1]
ldexp                   0x080015e1         Code  Gb  ldexp.o [4]
ldexpl                  0x080015e1         Code  Gb  ldexp.o [4]
main                    0x08002aed   0x2a  Code  Gb  main.o [1]
memchr                  0x0800103d         Code  Gb  memchr.o [5]
printf                  0x08002ec1   0x28  Code  Gb  printf.o [3]
putchar                 0x08003881   0x20  Code  Gb  putchar.o [3]
readUartBuffer          0x200000e0   0x28  Data  Lc  readWifi.o [1]
readUartIT              0x08002a89   0x26  Code  Gb  readWifi.o [1]
scalbln                 0x080015e1         Code  Gb  ldexp.o [4]
scalblnl                0x080015e1         Code  Gb  ldexp.o [4]
scalbn                  0x080015e1         Code  Gb  ldexp.o [4]
scalbnl                 0x080015e1         Code  Gb  ldexp.o [4]
scale                   0x08000837   0x46  Code  Lc  xprintffull_nomb.o [3]
sec_hand                0x2000010c    0x4  Data  Lc  xfail_s.o [3]
sendDisplay             0x080030fb   0x2e  Code  Gb  displayMethods.o [1]
strchr                  0x08000fa9         Code  Gb  strchr.o [5]
strlen                  0x08001005         Code  Gb  strlen.o [5]
ttio_guard              0x20000111    0x1  Data  Lc  XShttio.o [3]
uwTick                  0x20000108    0x4  Data  Gb  stm32f3xx_hal.o [1]


[1] = C:\Users\Elias\Desktop\II1302\se.kth.ii1302.grupp2\hardware\wifi\digiboard-wifi\EWARM\digiboard-wifi\Obj
[2] = command line
[3] = dl7M_tln.a
[4] = m7M_tls.a
[5] = rt7M_tl.a
[6] = shb_l.a

  14 808 bytes of readonly  code memory
      56 bytes of readonly  data memory
   1 298 bytes of readwrite data memory

Errors: none
Warnings: none
