###############################################################################
#
# IAR ELF Linker V8.20.2.14835/W32 for ARM                11/May/2018  11:49:06
# Copyright 2007-2017 IAR Systems AB.
#
#    Output file  =  
#        C:\Users\Elias\Desktop\II1302\se.kth.ii1302.grupp2\hardware\wifi\digiboard-wifi\EWARM\digiboard-wifi\Exe\digiboard-wifi.out
#    Map file     =  
#        C:\Users\Elias\Desktop\II1302\se.kth.ii1302.grupp2\hardware\wifi\digiboard-wifi\EWARM\digiboard-wifi\List\digiboard-wifi.map
#    Command line =  
#        -f C:\Users\Elias\AppData\Local\Temp\EW8FC2.tmp
#        (C:\Users\Elias\Desktop\II1302\se.kth.ii1302.grupp2\hardware\wifi\digiboard-wifi\EWARM\digiboard-wifi\Obj\displayMethods.o
#        C:\Users\Elias\Desktop\II1302\se.kth.ii1302.grupp2\hardware\wifi\digiboard-wifi\EWARM\digiboard-wifi\Obj\gpio.o
#        C:\Users\Elias\Desktop\II1302\se.kth.ii1302.grupp2\hardware\wifi\digiboard-wifi\EWARM\digiboard-wifi\Obj\main.o
#        C:\Users\Elias\Desktop\II1302\se.kth.ii1302.grupp2\hardware\wifi\digiboard-wifi\EWARM\digiboard-wifi\Obj\spi.o
#        C:\Users\Elias\Desktop\II1302\se.kth.ii1302.grupp2\hardware\wifi\digiboard-wifi\EWARM\digiboard-wifi\Obj\startup_stm32f303x8.o
#        C:\Users\Elias\Desktop\II1302\se.kth.ii1302.grupp2\hardware\wifi\digiboard-wifi\EWARM\digiboard-wifi\Obj\stm32f3xx_hal.o
#        C:\Users\Elias\Desktop\II1302\se.kth.ii1302.grupp2\hardware\wifi\digiboard-wifi\EWARM\digiboard-wifi\Obj\stm32f3xx_hal_cortex.o
#        C:\Users\Elias\Desktop\II1302\se.kth.ii1302.grupp2\hardware\wifi\digiboard-wifi\EWARM\digiboard-wifi\Obj\stm32f3xx_hal_dma.o
#        C:\Users\Elias\Desktop\II1302\se.kth.ii1302.grupp2\hardware\wifi\digiboard-wifi\EWARM\digiboard-wifi\Obj\stm32f3xx_hal_flash.o
#        C:\Users\Elias\Desktop\II1302\se.kth.ii1302.grupp2\hardware\wifi\digiboard-wifi\EWARM\digiboard-wifi\Obj\stm32f3xx_hal_flash_ex.o
#        C:\Users\Elias\Desktop\II1302\se.kth.ii1302.grupp2\hardware\wifi\digiboard-wifi\EWARM\digiboard-wifi\Obj\stm32f3xx_hal_gpio.o
#        C:\Users\Elias\Desktop\II1302\se.kth.ii1302.grupp2\hardware\wifi\digiboard-wifi\EWARM\digiboard-wifi\Obj\stm32f3xx_hal_i2c.o
#        C:\Users\Elias\Desktop\II1302\se.kth.ii1302.grupp2\hardware\wifi\digiboard-wifi\EWARM\digiboard-wifi\Obj\stm32f3xx_hal_i2c_ex.o
#        C:\Users\Elias\Desktop\II1302\se.kth.ii1302.grupp2\hardware\wifi\digiboard-wifi\EWARM\digiboard-wifi\Obj\stm32f3xx_hal_msp.o
#        C:\Users\Elias\Desktop\II1302\se.kth.ii1302.grupp2\hardware\wifi\digiboard-wifi\EWARM\digiboard-wifi\Obj\stm32f3xx_hal_pwr.o
#        C:\Users\Elias\Desktop\II1302\se.kth.ii1302.grupp2\hardware\wifi\digiboard-wifi\EWARM\digiboard-wifi\Obj\stm32f3xx_hal_pwr_ex.o
#        C:\Users\Elias\Desktop\II1302\se.kth.ii1302.grupp2\hardware\wifi\digiboard-wifi\EWARM\digiboard-wifi\Obj\stm32f3xx_hal_rcc.o
#        C:\Users\Elias\Desktop\II1302\se.kth.ii1302.grupp2\hardware\wifi\digiboard-wifi\EWARM\digiboard-wifi\Obj\stm32f3xx_hal_rcc_ex.o
#        C:\Users\Elias\Desktop\II1302\se.kth.ii1302.grupp2\hardware\wifi\digiboard-wifi\EWARM\digiboard-wifi\Obj\stm32f3xx_hal_spi.o
#        C:\Users\Elias\Desktop\II1302\se.kth.ii1302.grupp2\hardware\wifi\digiboard-wifi\EWARM\digiboard-wifi\Obj\stm32f3xx_hal_spi_ex.o
#        C:\Users\Elias\Desktop\II1302\se.kth.ii1302.grupp2\hardware\wifi\digiboard-wifi\EWARM\digiboard-wifi\Obj\stm32f3xx_hal_tim.o
#        C:\Users\Elias\Desktop\II1302\se.kth.ii1302.grupp2\hardware\wifi\digiboard-wifi\EWARM\digiboard-wifi\Obj\stm32f3xx_hal_tim_ex.o
#        C:\Users\Elias\Desktop\II1302\se.kth.ii1302.grupp2\hardware\wifi\digiboard-wifi\EWARM\digiboard-wifi\Obj\stm32f3xx_hal_uart.o
#        C:\Users\Elias\Desktop\II1302\se.kth.ii1302.grupp2\hardware\wifi\digiboard-wifi\EWARM\digiboard-wifi\Obj\stm32f3xx_hal_uart_ex.o
#        C:\Users\Elias\Desktop\II1302\se.kth.ii1302.grupp2\hardware\wifi\digiboard-wifi\EWARM\digiboard-wifi\Obj\stm32f3xx_it.o
#        C:\Users\Elias\Desktop\II1302\se.kth.ii1302.grupp2\hardware\wifi\digiboard-wifi\EWARM\digiboard-wifi\Obj\system_stm32f3xx.o
#        C:\Users\Elias\Desktop\II1302\se.kth.ii1302.grupp2\hardware\wifi\digiboard-wifi\EWARM\digiboard-wifi\Obj\usart.o
#        --redirect _Printf=_PrintfFullNoMb --redirect _Scanf=_ScanfFullNoMb -o
#        C:\Users\Elias\Desktop\II1302\se.kth.ii1302.grupp2\hardware\wifi\digiboard-wifi\EWARM\digiboard-wifi\Exe\digiboard-wifi.out
#        --map
#        C:\Users\Elias\Desktop\II1302\se.kth.ii1302.grupp2\hardware\wifi\digiboard-wifi\EWARM\digiboard-wifi\List\digiboard-wifi.map
#        --config
#        C:\Users\Elias\Desktop\II1302\se.kth.ii1302.grupp2\hardware\wifi\digiboard-wifi\EWARM/stm32f303x8_flash.icf
#        --semihosting --entry __iar_program_start --vfe --text_out locale)
#
###############################################################################

*******************************************************************************
*** RUNTIME MODEL ATTRIBUTES
***

CppFlavor       = *
__SystemLibrary = DLib
__dlib_version  = 6


*******************************************************************************
*** HEAP SELECTION
***

The basic heap was selected because some modules are built with
size limitations (and not runtime checking), and --advanced_heap
was not specified.


*******************************************************************************
*** PLACEMENT SUMMARY
***

"A0":  place at 0x08000000 { ro section .intvec };
"P1":  place in [from 0x08000000 to 0x0800ffff] { ro };
define block CSTACK with size = 1K, alignment = 8 { };
define block HEAP with size = 512, alignment = 8 { };
"P2":  place in [from 0x20000000 to 0x20002fff] {
          rw, block CSTACK, block HEAP };
initialize by copy { rw };

  Section            Kind        Address    Size  Object
  -------            ----        -------    ----  ------
"A0":                                      0x188
  .intvec            ro code  0x08000000   0x188  startup_stm32f303x8.o [1]
                            - 0x08000188   0x188

"P1":                                     0x36cc
  .text              ro code  0x08000188   0xe1e  xprintffull_nomb.o [3]
  .text              ro code  0x08000fa8    0x16  strchr.o [5]
  .text              ro code  0x08000fc0    0x44  xfail_s.o [3]
  .text              ro code  0x08001004    0x36  strlen.o [5]
  .text              ro code  0x0800103c    0x58  memchr.o [5]
  .text              ro code  0x08001094   0x22e  I64DivMod.o [5]
  .text              ro code  0x080012c4   0x1a2  DblMul.o [4]
  .text              ro code  0x08001468    0xa6  ABImemcpy.o [5]
  .text              ro code  0x08001510    0x70  frexp.o [4]
  .text              ro code  0x08001580    0x2e  DblCmpLe.o [4]
  .text              ro code  0x080015b0    0x2e  DblCmpGe.o [4]
  .text              ro code  0x080015e0   0x13a  ldexp.o [4]
  .text              ro code  0x0800171c    0x3a  DblToS32.o [4]
  .text              ro code  0x08001758    0x22  S32ToDbl.o [4]
  .text              ro code  0x0800177c    0xe2  DblSub.o [4]
  .text              ro code  0x08001860   0x246  DblDiv.o [4]
  .text              ro code  0x08001aa8    0x28  DblToU32.o [4]
  .text              ro code  0x08001ad0    0x1a  U32ToDbl.o [4]
  .text              ro code  0x08001aea     0x6  abort.o [3]
  .text              ro code  0x08001af0     0x2  I64DivZer.o [5]
  .text              ro code  0x08001af4   0x168  DblAdd.o [4]
  .text              ro code  0x08001c5c    0x14  exit.o [6]
  .text              ro code  0x08001c70    0x7c  iarttio.o [6]
  .text              ro code  0x08001cec    0x3c  XShttio.o [3]
  .text              ro code  0x08001d28   0x560  stm32f3xx_hal_rcc.o [1]
  .text              ro code  0x08002288     0xc  stm32f3xx_hal.o [1]
  .text              ro code  0x08002294    0x28  stm32f3xx_hal.o [1]
  .text              ro code  0x080022bc    0xf6  stm32f3xx_hal_cortex.o [1]
  .text              ro code  0x080023b4   0x544  stm32f3xx_hal_uart.o [1]
  .text              ro code  0x080028f8    0xec  usart.o [1]
  .text              ro code  0x080029e4   0x198  main.o [1]
  .text              ro code  0x08002b7c   0x17c  stm32f3xx_hal_gpio.o [1]
  .text              ro code  0x08002cf8    0x24  stm32f3xx_hal.o [1]
  .text              ro code  0x08002d1c    0x70  gpio.o [1]
  .text              ro code  0x08002d8c   0x104  spi.o [1]
  .text              ro code  0x08002e90    0xac  displayMethods.o [1]
  .text              ro code  0x08002f3c    0x28  printf.o [3]
  .text              ro code  0x08002f64   0x110  stm32f3xx_hal_rcc_ex.o [1]
  .text              ro code  0x08003074    0x78  stm32f3xx_hal_msp.o [1]
  .text              ro code  0x080030ec   0x41a  stm32f3xx_hal_spi.o [1]
  .text              ro code  0x08003508    0x7c  system_stm32f3xx.o [1]
  .text              ro code  0x08003584    0x40  zero_init3.o [5]
  .text              ro code  0x080035c4    0x38  packbits_init_single.o [5]
  .text              ro code  0x080035fc    0x28  data_init.o [5]
  .text              ro code  0x08003624    0x22  fpinit_M.o [4]
  .text              ro code  0x08003646    0x22  iarwrite.o [6]
  .iar.init_table    const    0x08003668    0x20  - Linker created -
  .text              ro code  0x08003688    0x20  putchar.o [3]
  .text              ro code  0x080036a8    0x10  write.o [6]
  .text              ro code  0x080036b8    0x1e  dwrite.o [6]
  .text              ro code  0x080036d6    0x20  iarwstd.o [6]
  .text              ro code  0x080036f6    0x1e  stm32f3xx_it.o [1]
  .text              ro code  0x08003714    0x10  stm32f3xx_hal.o [1]
  .text              ro code  0x08003724    0x1e  cmain.o [5]
  .text              ro code  0x08003742     0x4  low_level_init.o [3]
  .text              ro code  0x08003746     0x4  exit.o [3]
  .text              ro code  0x0800374c     0xa  cexit.o [5]
  .text              ro code  0x08003756    0x16  xprout.o [3]
  .text              ro code  0x0800376c    0x10  startup_stm32f303x8.o [1]
  .text              ro code  0x0800377c     0xc  cstartup_M.o [5]
  .rodata            const    0x08003788     0x8  system_stm32f3xx.o [1]
  .text              ro code  0x08003790     0x4  startup_stm32f303x8.o [1]
  .text              ro code  0x08003794     0x4  startup_stm32f303x8.o [1]
  .text              ro code  0x08003798     0x4  startup_stm32f303x8.o [1]
  .text              ro code  0x0800379c     0x4  startup_stm32f303x8.o [1]
  .text              ro code  0x080037a0     0x4  startup_stm32f303x8.o [1]
  .text              ro code  0x080037a4     0x4  startup_stm32f303x8.o [1]
  .text              ro code  0x080037a8     0x4  startup_stm32f303x8.o [1]
  .text              ro code  0x080037ac     0x4  startup_stm32f303x8.o [1]
  .text              ro code  0x080037b0     0x4  startup_stm32f303x8.o [1]
  .text              ro code  0x080037b4     0x4  startup_stm32f303x8.o [1]
  .text              ro code  0x080037b8     0x4  startup_stm32f303x8.o [1]
  .text              ro code  0x080037bc     0x4  startup_stm32f303x8.o [1]
  .text              ro code  0x080037c0     0x4  startup_stm32f303x8.o [1]
  .text              ro code  0x080037c4     0x4  startup_stm32f303x8.o [1]
  .text              ro code  0x080037c8     0x4  startup_stm32f303x8.o [1]
  .text              ro code  0x080037cc     0x4  startup_stm32f303x8.o [1]
  .text              ro code  0x080037d0     0x4  startup_stm32f303x8.o [1]
  .text              ro code  0x080037d4     0x4  startup_stm32f303x8.o [1]
  .text              ro code  0x080037d8     0x4  startup_stm32f303x8.o [1]
  .text              ro code  0x080037dc     0x4  startup_stm32f303x8.o [1]
  .text              ro code  0x080037e0     0x4  startup_stm32f303x8.o [1]
  .text              ro code  0x080037e4     0x4  startup_stm32f303x8.o [1]
  .text              ro code  0x080037e8     0x4  startup_stm32f303x8.o [1]
  .text              ro code  0x080037ec     0x4  startup_stm32f303x8.o [1]
  .text              ro code  0x080037f0     0x4  startup_stm32f303x8.o [1]
  .text              ro code  0x080037f4     0x4  startup_stm32f303x8.o [1]
  .text              ro code  0x080037f8     0x4  startup_stm32f303x8.o [1]
  .text              ro code  0x080037fc     0x4  startup_stm32f303x8.o [1]
  .text              ro code  0x08003800     0x4  startup_stm32f303x8.o [1]
  .text              ro code  0x08003804     0x4  startup_stm32f303x8.o [1]
  .text              ro code  0x08003808     0x4  startup_stm32f303x8.o [1]
  .text              ro code  0x0800380c     0x4  startup_stm32f303x8.o [1]
  .text              ro code  0x08003810     0x4  startup_stm32f303x8.o [1]
  .text              ro code  0x08003814     0x4  startup_stm32f303x8.o [1]
  .text              ro code  0x08003818     0x4  startup_stm32f303x8.o [1]
  .text              ro code  0x0800381c     0x4  startup_stm32f303x8.o [1]
  .text              ro code  0x08003820     0x4  startup_stm32f303x8.o [1]
  .text              ro code  0x08003824     0x4  startup_stm32f303x8.o [1]
  .text              ro code  0x08003828     0x4  startup_stm32f303x8.o [1]
  .text              ro code  0x0800382c     0x4  startup_stm32f303x8.o [1]
  .text              ro code  0x08003830     0x4  startup_stm32f303x8.o [1]
  .text              ro code  0x08003834     0x4  startup_stm32f303x8.o [1]
  .text              ro code  0x08003838     0x4  startup_stm32f303x8.o [1]
  .rodata            const    0x0800383c     0x0  zero_init3.o [5]
  .rodata            const    0x0800383c     0x0  packbits_init_single.o [5]
  Initializer bytes  const    0x0800383c    0x18  <for P2-1>
                            - 0x08003854  0x36cc

"P2", part 1 of 3:                          0x48
  P2-1                        0x20000000    0x48  <Init block>
    .data            inited   0x20000000    0x3c  main.o [1]
    .data            inited   0x2000003c     0x4  system_stm32f3xx.o [1]
    .data            inited   0x20000040     0x8  XShttio.o [3]
                            - 0x20000048    0x48

"P2", part 2 of 3:                          0xe0
  .bss               zero     0x20000048    0x70  usart.o [1]
  .bss               zero     0x200000b8    0x64  spi.o [1]
  .bss               zero     0x2000011c     0x4  stm32f3xx_hal.o [1]
  .bss               zero     0x20000120     0x4  xfail_s.o [3]
  .bss               zero     0x20000124     0x1  XShttio.o [3]
                            - 0x20000125    0xdd

"P2", part 3 of 3:                         0x400
  CSTACK                      0x20000128   0x400  <Block>
    CSTACK           uninit   0x20000128   0x400  <Block tail>
                            - 0x20000528   0x400


*******************************************************************************
*** INIT TABLE
***

          Address     Size
          -------     ----
Zero (__iar_zero_init3)
    1 destination range, total size 0xdd:
          0x20000048  0xdd

Copy/packbits (__iar_packbits_init_single3)
    1 source range, total size 0x18 (33% of destination):
          0x0800383c  0x18
    1 destination range, total size 0x48:
          0x20000000  0x48



*******************************************************************************
*** MODULE SUMMARY
***

    Module                  ro code  ro data  rw data
    ------                  -------  -------  -------
C:\Users\Elias\Desktop\II1302\se.kth.ii1302.grupp2\hardware\wifi\digiboard-wifi\EWARM\digiboard-wifi\Obj: [1]
    displayMethods.o            172
    gpio.o                      112
    main.o                      408       20       60
    spi.o                       260               100
    startup_stm32f303x8.o       580
    stm32f3xx_hal.o             104                 4
    stm32f3xx_hal_cortex.o      246
    stm32f3xx_hal_gpio.o        380
    stm32f3xx_hal_msp.o         120
    stm32f3xx_hal_rcc.o       1 376
    stm32f3xx_hal_rcc_ex.o      272
    stm32f3xx_hal_spi.o       1 050
    stm32f3xx_hal_uart.o      1 348
    stm32f3xx_it.o               30
    system_stm32f3xx.o          124        9        4
    usart.o                     236               112
    -------------------------------------------------
    Total:                    6 818       29      280

command line: [2]
    -------------------------------------------------
    Total:

dl7M_tln.a: [3]
    XShttio.o                    60        3        9
    abort.o                       6
    exit.o                        4
    low_level_init.o              4
    printf.o                     40
    putchar.o                    32
    xfail_s.o                    68                 4
    xprintffull_nomb.o        3 614
    xprout.o                     22
    -------------------------------------------------
    Total:                    3 850        3       13

m7M_tls.a: [4]
    DblAdd.o                    360
    DblCmpGe.o                   46
    DblCmpLe.o                   46
    DblDiv.o                    582
    DblMul.o                    418
    DblSub.o                    226
    DblToS32.o                   58
    DblToU32.o                   40
    S32ToDbl.o                   34
    U32ToDbl.o                   26
    fpinit_M.o                   34
    frexp.o                     112
    ldexp.o                     314
    -------------------------------------------------
    Total:                    2 296

rt7M_tl.a: [5]
    ABImemcpy.o                 166
    I64DivMod.o                 558
    I64DivZer.o                   2
    cexit.o                      10
    cmain.o                      30
    cstartup_M.o                 12
    data_init.o                  40
    memchr.o                     88
    packbits_init_single.o       56
    strchr.o                     22
    strlen.o                     54
    zero_init3.o                 64
    -------------------------------------------------
    Total:                    1 102

shb_l.a: [6]
    dwrite.o                     30
    exit.o                       20
    iarttio.o                   124
    iarwrite.o                   34
    iarwstd.o                    32
    write.o                      16
    -------------------------------------------------
    Total:                      256

    Gaps                         34
    Linker created                        32    1 024
-----------------------------------------------------
    Grand Total:             14 356       64    1 317


*******************************************************************************
*** ENTRY LIST
***

Entry                      Address   Size  Type      Object
-----                      -------   ----  ----      ------
.iar.init_table$$Base   0x08003668          --   Gb  - Linker created -
.iar.init_table$$Limit  0x08003688          --   Gb  - Linker created -
?main                   0x08003725         Code  Gb  cmain.o [5]
AHBPrescTable           0x08003574   0x10  Data  Gb  system_stm32f3xx.o [1]
APBPrescTable           0x08003788    0x8  Data  Gb  system_stm32f3xx.o [1]
BusFault_Handler        0x080036fd    0x2  Code  Gb  stm32f3xx_it.o [1]
CSTACK$$Base            0x20000128          --   Gb  - Linker created -
CSTACK$$Limit           0x20000528          --   Gb  - Linker created -
DebugMon_Handler        0x08003703    0x2  Code  Gb  stm32f3xx_it.o [1]
HAL_GPIO_Init           0x08002b7d  0x154  Code  Gb  stm32f3xx_hal_gpio.o [1]
HAL_GPIO_WritePin       0x08002cd1   0x10  Code  Gb  stm32f3xx_hal_gpio.o [1]
HAL_GetTick             0x08002289    0xc  Code  Wk  stm32f3xx_hal.o [1]
HAL_IncTick             0x08003715   0x10  Code  Wk  stm32f3xx_hal.o [1]
HAL_Init                0x08002cf9   0x20  Code  Gb  stm32f3xx_hal.o [1]
HAL_InitTick            0x08002295   0x28  Code  Wk  stm32f3xx_hal.o [1]
HAL_MspInit             0x08003075   0x78  Code  Gb  stm32f3xx_hal_msp.o [1]
HAL_NVIC_SetPriority    0x0800235f   0x1e  Code  Gb  stm32f3xx_hal_cortex.o [1]
HAL_NVIC_SetPriorityGrouping
                        0x0800235d    0x2  Code  Gb  stm32f3xx_hal_cortex.o [1]
HAL_RCCEx_PeriphCLKConfig
                        0x08002f65  0x104  Code  Gb  stm32f3xx_hal_rcc_ex.o [1]
HAL_RCC_ClockConfig     0x0800208f  0x142  Code  Gb  stm32f3xx_hal_rcc.o [1]
HAL_RCC_GetHCLKFreq     0x0800220b    0x6  Code  Gb  stm32f3xx_hal_rcc.o [1]
HAL_RCC_GetPCLK1Freq    0x08002211   0x16  Code  Gb  stm32f3xx_hal_rcc.o [1]
HAL_RCC_GetPCLK2Freq    0x08002227   0x16  Code  Gb  stm32f3xx_hal_rcc.o [1]
HAL_RCC_GetSysClockFreq
                        0x080021d1   0x3a  Code  Gb  stm32f3xx_hal_rcc.o [1]
HAL_RCC_OscConfig       0x08001d29  0x366  Code  Gb  stm32f3xx_hal_rcc.o [1]
HAL_SPI_Init            0x080030ed   0xb4  Code  Gb  stm32f3xx_hal_spi.o [1]
HAL_SPI_MspInit         0x08002de3   0x44  Code  Gb  spi.o [1]
HAL_SPI_Transmit        0x080031a1  0x1c8  Code  Gb  stm32f3xx_hal_spi.o [1]
HAL_SYSTICK_CLKSourceConfig
                        0x0800237f   0x18  Code  Gb  stm32f3xx_hal_cortex.o [1]
HAL_SYSTICK_Config      0x0800237d    0x2  Code  Gb  stm32f3xx_hal_cortex.o [1]
HAL_SYSTICK_IRQHandler  0x080023ad    0x4  Code  Gb  stm32f3xx_hal_cortex.o [1]
HAL_UART_Init           0x080023b5   0x6a  Code  Gb  stm32f3xx_hal_uart.o [1]
HAL_UART_MspInit        0x08002935   0x46  Code  Gb  usart.o [1]
HAL_UART_Receive        0x080024d1   0xee  Code  Gb  stm32f3xx_hal_uart.o [1]
HAL_UART_Transmit       0x0800241f   0xb2  Code  Gb  stm32f3xx_hal_uart.o [1]
HardFault_Handler       0x080036f9    0x2  Code  Gb  stm32f3xx_it.o [1]
LoadInt                 0x0800033b   0x7a  Code  Lc  xprintffull_nomb.o [3]
MX_GPIO_Init            0x08002d1d   0x70  Code  Gb  gpio.o [1]
MX_SPI1_Init            0x08002d8d   0x56  Code  Gb  spi.o [1]
MX_USART1_UART_Init     0x080028f9   0x3c  Code  Gb  usart.o [1]
MemManage_Handler       0x080036fb    0x2  Code  Gb  stm32f3xx_it.o [1]
NMI_Handler             0x080036f7    0x2  Code  Gb  stm32f3xx_it.o [1]
NVIC_EncodePriority     0x080022ff   0x36  Code  Lc  stm32f3xx_hal_cortex.o [1]
NVIC_GetPriorityGrouping
                        0x080022d7    0xa  Code  Lc  stm32f3xx_hal_cortex.o [1]
NVIC_SetPriority        0x080022e1   0x1e  Code  Lc  stm32f3xx_hal_cortex.o [1]
NVIC_SetPriorityGrouping
                        0x080022bd   0x1a  Code  Lc  stm32f3xx_hal_cortex.o [1]
PendSV_Handler          0x08003705    0x2  Code  Gb  stm32f3xx_it.o [1]
Region$$Table$$Base     0x08003668          --   Gb  - Linker created -
Region$$Table$$Limit    0x08003688          --   Gb  - Linker created -
SPI_EndRxTxTransaction  0x0800349f   0x68  Code  Lc  stm32f3xx_hal_spi.o [1]
SPI_WaitFifoStateUntilTimeout
                        0x080033ff   0xa0  Code  Lc  stm32f3xx_hal_spi.o [1]
SPI_WaitFlagStateUntilTimeout
                        0x08003369   0x96  Code  Lc  stm32f3xx_hal_spi.o [1]
SVC_Handler             0x08003701    0x2  Code  Gb  stm32f3xx_it.o [1]
SysTick_Config          0x08002335   0x28  Code  Lc  stm32f3xx_hal_cortex.o [1]
SysTick_Handler         0x08003707    0xe  Code  Gb  stm32f3xx_it.o [1]
SystemClock_Config      0x08002a59   0x8e  Code  Gb  main.o [1]
SystemCoreClock         0x2000003c    0x4  Data  Gb  system_stm32f3xx.o [1]
SystemInit              0x08003509   0x52  Code  Gb  system_stm32f3xx.o [1]
UART_AdvFeatureConfig   0x08002769   0xc8  Code  Gb  stm32f3xx_hal_uart.o [1]
UART_CheckIdleState     0x08002831   0x62  Code  Gb  stm32f3xx_hal_uart.o [1]
UART_SetConfig          0x080025c1  0x18a  Code  Gb  stm32f3xx_hal_uart.o [1]
UART_WaitOnFlagUntilTimeout
                        0x08002893   0x66  Code  Gb  stm32f3xx_hal_uart.o [1]
UsageFault_Handler      0x080036ff    0x2  Code  Gb  stm32f3xx_it.o [1]
_Error_Handler          0x08002ae7    0x2  Code  Gb  main.o [1]
_GenldFullNoMb          0x08000ca7  0x274  Code  Lc  xprintffull_nomb.o [3]
_LdtobFullNoMb          0x0800087d  0x3fe  Code  Lc  xprintffull_nomb.o [3]
_LitobFullNoMb          0x08000725  0x112  Code  Lc  xprintffull_nomb.o [3]
_PrintfFullNoMb         0x08000189  0x1a4  Code  Gb  xprintffull_nomb.o [3]
_Prout                  0x08003757   0x16  Code  Gb  xprout.o [3]
_PutcharsFullNoMb       0x08000f1b   0x2e  Code  Lc  xprintffull_nomb.o [3]
_PutfldFullNoMb         0x080003b5  0x264  Code  Lc  xprintffull_nomb.o [3]
_PuttxtFullNoMb         0x08000619  0x10c  Code  Lc  xprintffull_nomb.o [3]
__aeabi_cdcmple         0x08001581         Code  Gb  DblCmpLe.o [4]
__aeabi_cdrcmple        0x080015b1         Code  Gb  DblCmpGe.o [4]
__aeabi_d2iz            0x0800171d         Code  Gb  DblToS32.o [4]
__aeabi_d2uiz           0x08001aa9         Code  Gb  DblToU32.o [4]
__aeabi_ddiv            0x08001861         Code  Gb  DblDiv.o [4]
__aeabi_dmul            0x080012c5         Code  Gb  DblMul.o [4]
__aeabi_dsub            0x0800177d         Code  Gb  DblSub.o [4]
__aeabi_i2d             0x08001759         Code  Gb  S32ToDbl.o [4]
__aeabi_ldiv0           0x08001af1         Code  Gb  I64DivZer.o [5]
__aeabi_memcpy          0x08001469         Code  Gb  ABImemcpy.o [5]
__aeabi_memcpy4         0x08001489         Code  Gb  ABImemcpy.o [5]
__aeabi_memcpy8         0x08001489         Code  Gb  ABImemcpy.o [5]
__aeabi_ui2d            0x08001ad1         Code  Gb  U32ToDbl.o [4]
__aeabi_uldivmod        0x08001095         Code  Gb  I64DivMod.o [5]
__cmain                 0x08003725         Code  Gb  cmain.o [5]
__dwrite                0x080036b9   0x1e  Code  Gb  dwrite.o [6]
__exit                  0x08001c5d   0x14  Code  Gb  exit.o [6]
__iar_Fail_s            0x08000fc1   0x1e  Code  Gb  xfail_s.o [3]
__iar_Memchr            0x0800103d         Code  Gb  memchr.o [5]
__iar_Strchr            0x08000fa9         Code  Gb  strchr.o [5]
__iar_close_ttio        0x08001c71   0x2c  Code  Gb  iarttio.o [6]
__iar_dadd              0x0800178d         Code  Gb  DblSub.o [4]
__iar_data_init3        0x080035fd   0x28  Code  Gb  data_init.o [5]
__iar_dsub              0x08001af5         Code  Gb  DblAdd.o [4]
__iar_dsubStart         0x08001b07         Code  Gb  DblAdd.o [4]
__iar_frexp             0x0800151d         Code  Gb  frexp.o [4]
__iar_frexpl            0x0800151d         Code  Gb  frexp.o [4]
__iar_get_ttio          0x08001c9d   0x4c  Code  Gb  iarttio.o [6]
__iar_init_vfp          0x08003625         Code  Gb  fpinit_M.o [4]
__iar_ldexp64           0x080015e1         Code  Gb  ldexp.o [4]
__iar_lookup_ttioh      0x08001d1b    0x4  Code  Gb  XShttio.o [3]
__iar_packbits_init_single3
                        0x080035c5   0x38  Code  Gb  packbits_init_single.o [5]
__iar_program_start     0x0800377d         Code  Gb  cstartup_M.o [5]
__iar_scalbln64         0x080015e1         Code  Gb  ldexp.o [4]
__iar_scalbn64          0x080015e1         Code  Gb  ldexp.o [4]
__iar_sh_stdout         0x080036d7   0x20  Code  Gb  iarwstd.o [6]
__iar_sh_write          0x08003647   0x22  Code  Gb  iarwrite.o [6]
__iar_softfp___iar_frexp64
                        0x08001511         Code  Gb  frexp.o [4]
__iar_softfp_frexp      0x08001511         Code  Gb  frexp.o [4]
__iar_softfp_frexpl     0x08001511         Code  Gb  frexp.o [4]
__iar_systems$$module {Abs}
                        0x00000001         Data  Gb  command line/config [2]
__iar_ttio_guard_lock   0x08001ced   0x1e  Code  Gb  XShttio.o [3]
__iar_ttio_guard_unlock
                        0x08001d0b   0x10  Code  Gb  XShttio.o [3]
__iar_ttio_handles      0x20000040    0x8  Data  Lc  XShttio.o [3]
__iar_zero_init3        0x08003585   0x40  Code  Gb  zero_init3.o [5]
__low_level_init        0x08003743    0x4  Code  Gb  low_level_init.o [3]
__vector_table          0x08000000         Data  Gb  startup_stm32f303x8.o [1]
__write                 0x080036a9   0x10  Code  Gb  write.o [6]
_call_main              0x08003731         Code  Gb  cmain.o [5]
_exit                   0x0800374d         Code  Gb  cexit.o [5]
_main                   0x0800373f         Code  Gb  cmain.o [5]
aPLLMULFactorTable      0x08002268   0x10  Data  Gb  stm32f3xx_hal_rcc.o [1]
aPredivFactorTable      0x08002278   0x10  Data  Gb  stm32f3xx_hal_rcc.o [1]
abort                   0x08001aeb    0x6  Code  Gb  abort.o [3]
displayInit             0x08002e91   0x7a  Code  Gb  displayMethods.o [1]
exit                    0x08003747    0x4  Code  Gb  exit.o [3]
hspi1                   0x200000b8   0x64  Data  Gb  spi.o [1]
huart1                  0x20000048   0x70  Data  Gb  usart.o [1]
ldexp                   0x080015e1         Code  Gb  ldexp.o [4]
ldexpl                  0x080015e1         Code  Gb  ldexp.o [4]
main                    0x080029e5   0x6a  Code  Gb  main.o [1]
main::c1                0x20000004   0x10  Data  Lc  main.o [1]
main::c2                0x20000014   0x28  Data  Lc  main.o [1]
main::k                 0x20000000    0x1  Data  Lc  main.o [1]
memchr                  0x0800103d         Code  Gb  memchr.o [5]
printf                  0x08002f3d   0x28  Code  Gb  printf.o [3]
putchar                 0x08003689   0x20  Code  Gb  putchar.o [3]
scalbln                 0x080015e1         Code  Gb  ldexp.o [4]
scalblnl                0x080015e1         Code  Gb  ldexp.o [4]
scalbn                  0x080015e1         Code  Gb  ldexp.o [4]
scalbnl                 0x080015e1         Code  Gb  ldexp.o [4]
scale                   0x08000837   0x46  Code  Lc  xprintffull_nomb.o [3]
sec_hand                0x20000120    0x4  Data  Lc  xfail_s.o [3]
sendDisplay             0x08002f0b   0x2e  Code  Gb  displayMethods.o [1]
strchr                  0x08000fa9         Code  Gb  strchr.o [5]
strlen                  0x08001005         Code  Gb  strlen.o [5]
ttio_guard              0x20000124    0x1  Data  Lc  XShttio.o [3]
uwTick                  0x2000011c    0x4  Data  Gb  stm32f3xx_hal.o [1]


[1] = C:\Users\Elias\Desktop\II1302\se.kth.ii1302.grupp2\hardware\wifi\digiboard-wifi\EWARM\digiboard-wifi\Obj
[2] = command line
[3] = dl7M_tln.a
[4] = m7M_tls.a
[5] = rt7M_tl.a
[6] = shb_l.a

  14 356 bytes of readonly  code memory
      64 bytes of readonly  data memory
   1 317 bytes of readwrite data memory

Errors: none
Warnings: none
