###############################################################################
#
# IAR ELF Linker V8.20.2.14835/W32 for ARM                09/May/2018  14:21:44
# Copyright 2007-2017 IAR Systems AB.
#
#    Output file  =  
#        C:\Users\Elias\Desktop\II1302\se.kth.ii1302.grupp2\hardware\wifi\digiboard-wifi\test-wifi\Debug\Exe\test.out
#    Map file     =  
#        C:\Users\Elias\Desktop\II1302\se.kth.ii1302.grupp2\hardware\wifi\digiboard-wifi\test-wifi\Debug\List\test.map
#    Command line =  
#        -f C:\Users\Elias\AppData\Local\Temp\EW7401.tmp
#        (C:\Users\Elias\Desktop\II1302\se.kth.ii1302.grupp2\hardware\wifi\digiboard-wifi\test-wifi\Debug\Obj\displayMethods.o
#        C:\Users\Elias\Desktop\II1302\se.kth.ii1302.grupp2\hardware\wifi\digiboard-wifi\test-wifi\Debug\Obj\gpio.o
#        C:\Users\Elias\Desktop\II1302\se.kth.ii1302.grupp2\hardware\wifi\digiboard-wifi\test-wifi\Debug\Obj\initWifi.o
#        C:\Users\Elias\Desktop\II1302\se.kth.ii1302.grupp2\hardware\wifi\digiboard-wifi\test-wifi\Debug\Obj\main.o
#        C:\Users\Elias\Desktop\II1302\se.kth.ii1302.grupp2\hardware\wifi\digiboard-wifi\test-wifi\Debug\Obj\readWifi.o
#        C:\Users\Elias\Desktop\II1302\se.kth.ii1302.grupp2\hardware\wifi\digiboard-wifi\test-wifi\Debug\Obj\spi.o
#        C:\Users\Elias\Desktop\II1302\se.kth.ii1302.grupp2\hardware\wifi\digiboard-wifi\test-wifi\Debug\Obj\startup_stm32f303x8.o
#        C:\Users\Elias\Desktop\II1302\se.kth.ii1302.grupp2\hardware\wifi\digiboard-wifi\test-wifi\Debug\Obj\stm32f3xx_hal.o
#        C:\Users\Elias\Desktop\II1302\se.kth.ii1302.grupp2\hardware\wifi\digiboard-wifi\test-wifi\Debug\Obj\stm32f3xx_hal_cortex.o
#        C:\Users\Elias\Desktop\II1302\se.kth.ii1302.grupp2\hardware\wifi\digiboard-wifi\test-wifi\Debug\Obj\stm32f3xx_hal_dma.o
#        C:\Users\Elias\Desktop\II1302\se.kth.ii1302.grupp2\hardware\wifi\digiboard-wifi\test-wifi\Debug\Obj\stm32f3xx_hal_flash.o
#        C:\Users\Elias\Desktop\II1302\se.kth.ii1302.grupp2\hardware\wifi\digiboard-wifi\test-wifi\Debug\Obj\stm32f3xx_hal_flash_ex.o
#        C:\Users\Elias\Desktop\II1302\se.kth.ii1302.grupp2\hardware\wifi\digiboard-wifi\test-wifi\Debug\Obj\stm32f3xx_hal_gpio.o
#        C:\Users\Elias\Desktop\II1302\se.kth.ii1302.grupp2\hardware\wifi\digiboard-wifi\test-wifi\Debug\Obj\stm32f3xx_hal_i2c.o
#        C:\Users\Elias\Desktop\II1302\se.kth.ii1302.grupp2\hardware\wifi\digiboard-wifi\test-wifi\Debug\Obj\stm32f3xx_hal_i2c_ex.o
#        C:\Users\Elias\Desktop\II1302\se.kth.ii1302.grupp2\hardware\wifi\digiboard-wifi\test-wifi\Debug\Obj\stm32f3xx_hal_msp.o
#        C:\Users\Elias\Desktop\II1302\se.kth.ii1302.grupp2\hardware\wifi\digiboard-wifi\test-wifi\Debug\Obj\stm32f3xx_hal_pwr.o
#        C:\Users\Elias\Desktop\II1302\se.kth.ii1302.grupp2\hardware\wifi\digiboard-wifi\test-wifi\Debug\Obj\stm32f3xx_hal_pwr_ex.o
#        C:\Users\Elias\Desktop\II1302\se.kth.ii1302.grupp2\hardware\wifi\digiboard-wifi\test-wifi\Debug\Obj\stm32f3xx_hal_rcc.o
#        C:\Users\Elias\Desktop\II1302\se.kth.ii1302.grupp2\hardware\wifi\digiboard-wifi\test-wifi\Debug\Obj\stm32f3xx_hal_rcc_ex.o
#        C:\Users\Elias\Desktop\II1302\se.kth.ii1302.grupp2\hardware\wifi\digiboard-wifi\test-wifi\Debug\Obj\stm32f3xx_hal_spi.o
#        C:\Users\Elias\Desktop\II1302\se.kth.ii1302.grupp2\hardware\wifi\digiboard-wifi\test-wifi\Debug\Obj\stm32f3xx_hal_spi_ex.o
#        C:\Users\Elias\Desktop\II1302\se.kth.ii1302.grupp2\hardware\wifi\digiboard-wifi\test-wifi\Debug\Obj\stm32f3xx_hal_tim.o
#        C:\Users\Elias\Desktop\II1302\se.kth.ii1302.grupp2\hardware\wifi\digiboard-wifi\test-wifi\Debug\Obj\stm32f3xx_hal_tim_ex.o
#        C:\Users\Elias\Desktop\II1302\se.kth.ii1302.grupp2\hardware\wifi\digiboard-wifi\test-wifi\Debug\Obj\stm32f3xx_hal_uart.o
#        C:\Users\Elias\Desktop\II1302\se.kth.ii1302.grupp2\hardware\wifi\digiboard-wifi\test-wifi\Debug\Obj\stm32f3xx_hal_uart_ex.o
#        C:\Users\Elias\Desktop\II1302\se.kth.ii1302.grupp2\hardware\wifi\digiboard-wifi\test-wifi\Debug\Obj\stm32f3xx_it.o
#        C:\Users\Elias\Desktop\II1302\se.kth.ii1302.grupp2\hardware\wifi\digiboard-wifi\test-wifi\Debug\Obj\system_stm32f3xx.o
#        C:\Users\Elias\Desktop\II1302\se.kth.ii1302.grupp2\hardware\wifi\digiboard-wifi\test-wifi\Debug\Obj\usart.o
#        -o
#        C:\Users\Elias\Desktop\II1302\se.kth.ii1302.grupp2\hardware\wifi\digiboard-wifi\test-wifi\Debug\Exe\test.out
#        --redirect _Printf=_PrintfFullNoMb --redirect _Scanf=_ScanfFullNoMb
#        --map
#        C:\Users\Elias\Desktop\II1302\se.kth.ii1302.grupp2\hardware\wifi\digiboard-wifi\test-wifi\Debug\List\test.map
#        --config "C:\Program Files (x86)\IAR Systems\Embedded Workbench
#        8.0\arm\config\linker\ST\stm32f303x6.icf" --semihosting --entry
#        __iar_program_start --vfe --text_out locale)
#
###############################################################################

*******************************************************************************
*** RUNTIME MODEL ATTRIBUTES
***

CppFlavor       = *
__SystemLibrary = DLib
__dlib_version  = 6


*******************************************************************************
*** HEAP SELECTION
***

The basic heap was selected because some modules are built with
size limitations (and not runtime checking), and --advanced_heap
was not specified.


*******************************************************************************
*** PLACEMENT SUMMARY
***

"A0":  place at 0x08000000 { ro section .intvec };
"P1":  place in [from 0x08000000 to 0x08007fff] { ro };
define block CSTACK with size = 2K, alignment = 8 { };
define block HEAP with size = 4K, alignment = 8 { };
"P2":  place in [from 0x20000000 to 0x20002fff] {
          rw, block CSTACK, block HEAP };
initialize by copy { rw };

No sections matched the following patterns:

  section .ccmram  in "P3"


  Section            Kind        Address    Size  Object
  -------            ----        -------    ----  ------
"A0":                                      0x188
  .intvec            ro code  0x08000000   0x188  startup_stm32f303x8.o [1]
                            - 0x08000188   0x188

"P1":                                     0x42b8
  .text              ro code  0x08000188   0xe1e  xprintffull_nomb.o [3]
  .text              ro code  0x08000fa6     0xa  xsprout.o [3]
  .text              ro code  0x08000fb0    0x16  strchr.o [5]
  .text              ro code  0x08000fc8    0x44  xfail_s.o [3]
  .text              ro code  0x0800100c    0x36  strlen.o [5]
  .text              ro code  0x08001044    0x58  memchr.o [5]
  .text              ro code  0x0800109c   0x22e  I64DivMod.o [5]
  .text              ro code  0x080012cc   0x1a2  DblMul.o [4]
  .text              ro code  0x08001470    0xa6  ABImemcpy.o [5]
  .text              ro code  0x08001518    0x70  frexp.o [4]
  .text              ro code  0x08001588    0x2e  DblCmpLe.o [4]
  .text              ro code  0x080015b8    0x2e  DblCmpGe.o [4]
  .text              ro code  0x080015e8   0x13a  ldexp.o [4]
  .text              ro code  0x08001724    0x3a  DblToS32.o [4]
  .text              ro code  0x08001760    0x22  S32ToDbl.o [4]
  .text              ro code  0x08001784    0xe2  DblSub.o [4]
  .text              ro code  0x08001868   0x246  DblDiv.o [4]
  .text              ro code  0x08001ab0    0x28  DblToU32.o [4]
  .text              ro code  0x08001ad8    0x1a  U32ToDbl.o [4]
  .text              ro code  0x08001af2     0x6  abort.o [3]
  .text              ro code  0x08001af8     0x2  I64DivZer.o [5]
  .text              ro code  0x08001afc   0x168  DblAdd.o [4]
  .text              ro code  0x08001c64    0x14  exit.o [6]
  .text              ro code  0x08001c78    0x7c  iarttio.o [6]
  .text              ro code  0x08001cf4    0x3c  XShttio.o [3]
  .text              ro code  0x08001d30   0xac0  stm32f3xx_hal_rcc.o [1]
  .text              ro code  0x080027f0     0xc  stm32f3xx_hal.o [1]
  .text              ro code  0x080027fc    0x28  stm32f3xx_hal.o [1]
  .text              ro code  0x08002824   0x14e  stm32f3xx_hal_cortex.o [1]
  .text              ro code  0x08002974   0x642  stm32f3xx_hal_uart.o [1]
  .text              ro code  0x08002fb8    0xd0  usart.o [1]
  .text              ro code  0x08003088   0x24a  main.o [1]
  .text              ro code  0x080032d4   0x1f0  stm32f3xx_hal_gpio.o [1]
  .text              ro code  0x080034c4    0x28  stm32f3xx_hal.o [1]
  .text              ro code  0x080034ec    0x80  gpio.o [1]
  .text              ro code  0x0800356c    0xc8  spi.o [1]
  .text              ro code  0x08003634    0xcc  displayMethods.o [1]
  .text              ro code  0x08003700    0x28  printf.o [3]
  .text              ro code  0x08003728    0x40  sprintf.o [3]
  .text              ro code  0x08003768   0x1c8  stm32f3xx_hal_rcc_ex.o [1]
  .text              ro code  0x08003930    0x7c  stm32f3xx_hal_msp.o [1]
  .text              ro code  0x080039ac   0x440  stm32f3xx_hal_spi.o [1]
  .text              ro code  0x08003dec    0x98  system_stm32f3xx.o [1]
  .rodata            const    0x08003e84    0x64  main.o [1]
  .rodata            const    0x08003ee8    0x5c  spi.o [1]
  .rodata            const    0x08003f44    0x5c  usart.o [1]
  .text              ro code  0x08003fa0    0x40  zero_init3.o [5]
  .text              ro code  0x08003fe0    0x2c  copy_init3.o [5]
  .rodata            const    0x0800400c    0x28  main.o [1]
  .rodata            const    0x08004034    0x28  main.o [1]
  .text              ro code  0x0800405c    0x28  data_init.o [5]
  .rodata            const    0x08004084    0x24  main.o [1]
  .rodata            const    0x080040a8    0x24  main.o [1]
  .text              ro code  0x080040cc    0x22  fpinit_M.o [4]
  .text              ro code  0x080040ee    0x22  iarwrite.o [6]
  .iar.init_table    const    0x08004110    0x24  - Linker created -
  .rodata            const    0x08004134    0x20  main.o [1]
  .rodata            const    0x08004154    0x20  main.o [1]
  .rodata            const    0x08004174    0x20  main.o [1]
  .text              ro code  0x08004194    0x20  putchar.o [3]
  .text              ro code  0x080041b4    0x10  write.o [6]
  .text              ro code  0x080041c4    0x1e  dwrite.o [6]
  .text              ro code  0x080041e2    0x20  iarwstd.o [6]
  .text              ro code  0x08004204    0x1e  cmain.o [5]
  .text              ro code  0x08004222     0x4  low_level_init.o [3]
  .text              ro code  0x08004226     0x4  exit.o [3]
  .text              ro code  0x0800422c     0xa  cexit.o [5]
  .rodata            const    0x08004238    0x1c  main.o [1]
  .rodata            const    0x08004254    0x1c  main.o [1]
  .text              ro code  0x08004270    0x1c  stm32f3xx_it.o [1]
  .text              ro code  0x0800428c    0x10  stm32f3xx_hal.o [1]
  Initializer bytes  const    0x0800429c    0x1c  <for P2-1>
  .rodata            const    0x080042b8    0x18  main.o [1]
  .rodata            const    0x080042d0    0x18  main.o [1]
  .text              ro code  0x080042e8    0x16  xprout.o [3]
  .rodata            const    0x08004300    0x10  main.o [1]
  .rodata            const    0x08004310    0x10  main.o [1]
  .rodata            const    0x08004320    0x10  stm32f3xx_hal_rcc.o [1]
  .rodata            const    0x08004330    0x10  stm32f3xx_hal_rcc.o [1]
  .rodata            const    0x08004340    0x10  system_stm32f3xx.o [1]
  .text              ro code  0x08004350    0x10  startup_stm32f303x8.o [1]
  .rodata            const    0x08004360     0xc  main.o [1]
  .rodata            const    0x0800436c     0xc  main.o [1]
  .text              ro code  0x08004378     0xc  cstartup_M.o [5]
  .rodata            const    0x08004384     0x8  main.o [1]
  .rodata            const    0x0800438c     0x8  system_stm32f3xx.o [1]
  .text              ro code  0x08004394     0x4  startup_stm32f303x8.o [1]
  .text              ro code  0x08004398     0x4  startup_stm32f303x8.o [1]
  .text              ro code  0x0800439c     0x4  startup_stm32f303x8.o [1]
  .text              ro code  0x080043a0     0x4  startup_stm32f303x8.o [1]
  .text              ro code  0x080043a4     0x4  startup_stm32f303x8.o [1]
  .text              ro code  0x080043a8     0x4  startup_stm32f303x8.o [1]
  .text              ro code  0x080043ac     0x4  startup_stm32f303x8.o [1]
  .text              ro code  0x080043b0     0x4  startup_stm32f303x8.o [1]
  .text              ro code  0x080043b4     0x4  startup_stm32f303x8.o [1]
  .text              ro code  0x080043b8     0x4  startup_stm32f303x8.o [1]
  .text              ro code  0x080043bc     0x4  startup_stm32f303x8.o [1]
  .text              ro code  0x080043c0     0x4  startup_stm32f303x8.o [1]
  .text              ro code  0x080043c4     0x4  startup_stm32f303x8.o [1]
  .text              ro code  0x080043c8     0x4  startup_stm32f303x8.o [1]
  .text              ro code  0x080043cc     0x4  startup_stm32f303x8.o [1]
  .text              ro code  0x080043d0     0x4  startup_stm32f303x8.o [1]
  .text              ro code  0x080043d4     0x4  startup_stm32f303x8.o [1]
  .text              ro code  0x080043d8     0x4  startup_stm32f303x8.o [1]
  .text              ro code  0x080043dc     0x4  startup_stm32f303x8.o [1]
  .text              ro code  0x080043e0     0x4  startup_stm32f303x8.o [1]
  .text              ro code  0x080043e4     0x4  startup_stm32f303x8.o [1]
  .text              ro code  0x080043e8     0x4  startup_stm32f303x8.o [1]
  .text              ro code  0x080043ec     0x4  startup_stm32f303x8.o [1]
  .text              ro code  0x080043f0     0x4  startup_stm32f303x8.o [1]
  .text              ro code  0x080043f4     0x4  startup_stm32f303x8.o [1]
  .text              ro code  0x080043f8     0x4  startup_stm32f303x8.o [1]
  .text              ro code  0x080043fc     0x4  startup_stm32f303x8.o [1]
  .text              ro code  0x08004400     0x4  startup_stm32f303x8.o [1]
  .text              ro code  0x08004404     0x4  startup_stm32f303x8.o [1]
  .text              ro code  0x08004408     0x4  startup_stm32f303x8.o [1]
  .text              ro code  0x0800440c     0x4  startup_stm32f303x8.o [1]
  .text              ro code  0x08004410     0x4  startup_stm32f303x8.o [1]
  .text              ro code  0x08004414     0x4  startup_stm32f303x8.o [1]
  .text              ro code  0x08004418     0x4  startup_stm32f303x8.o [1]
  .text              ro code  0x0800441c     0x4  startup_stm32f303x8.o [1]
  .text              ro code  0x08004420     0x4  startup_stm32f303x8.o [1]
  .text              ro code  0x08004424     0x4  startup_stm32f303x8.o [1]
  .text              ro code  0x08004428     0x4  startup_stm32f303x8.o [1]
  .text              ro code  0x0800442c     0x4  startup_stm32f303x8.o [1]
  .text              ro code  0x08004430     0x4  startup_stm32f303x8.o [1]
  .text              ro code  0x08004434     0x4  startup_stm32f303x8.o [1]
  .text              ro code  0x08004438     0x4  startup_stm32f303x8.o [1]
  .text              ro code  0x0800443c     0x4  startup_stm32f303x8.o [1]
  .rodata            const    0x08004440     0x0  zero_init3.o [5]
  .rodata            const    0x08004440     0x0  copy_init3.o [5]
                            - 0x08004440  0x42b8

"P2", part 1 of 3:                          0x1c
  P2-1                        0x20000000    0x1c  <Init block>
    .data            inited   0x20000000    0x10  main.o [1]
    .data            inited   0x20000010     0x4  system_stm32f3xx.o [1]
    .data            inited   0x20000014     0x8  XShttio.o [3]
                            - 0x2000001c    0x1c

"P2", part 2 of 3:                         0x2f4
  .bss               zero     0x2000001c   0x1e0  main.o [1]
  .bss               zero     0x200001fc    0x70  usart.o [1]
  .bss               zero     0x2000026c    0x64  spi.o [1]
  .bss               zero     0x200002d0    0x34  main.o [1]
  .bss               zero     0x20000304     0x4  stm32f3xx_hal.o [1]
  .bss               zero     0x20000308     0x4  xfail_s.o [3]
  .bss               zero     0x2000030c     0x1  XShttio.o [3]
                            - 0x2000030d   0x2f1

"P2", part 3 of 3:                         0x800
  CSTACK                      0x20000310   0x800  <Block>
    CSTACK           uninit   0x20000310   0x800  <Block tail>
                            - 0x20000b10   0x800


*******************************************************************************
*** INIT TABLE
***

          Address     Size
          -------     ----
Zero (__iar_zero_init3)
    1 destination range, total size 0x2f1:
          0x2000001c  0x2f1

Copy (__iar_copy_init3)
    1 source range, total size 0x1c:
          0x0800429c   0x1c
    1 destination range, total size 0x1c:
          0x20000000   0x1c



*******************************************************************************
*** MODULE SUMMARY
***

    Module                  ro code  ro data  rw data
    ------                  -------  -------  -------
C:\Users\Elias\Desktop\II1302\se.kth.ii1302.grupp2\hardware\wifi\digiboard-wifi\test-wifi\Debug\Obj: [1]
    displayMethods.o            204
    gpio.o                      128
    main.o                      586      532      548
    spi.o                       200       92      100
    startup_stm32f303x8.o       580
    stm32f3xx_hal.o             108                 4
    stm32f3xx_hal_cortex.o      334
    stm32f3xx_hal_gpio.o        496
    stm32f3xx_hal_msp.o         124
    stm32f3xx_hal_rcc.o       2 752       32
    stm32f3xx_hal_rcc_ex.o      456
    stm32f3xx_hal_spi.o       1 088
    stm32f3xx_hal_uart.o      1 602
    stm32f3xx_it.o               28
    system_stm32f3xx.o          152       28        4
    usart.o                     208       92      112
    -------------------------------------------------
    Total:                    9 046      776      768

command line: [2]
    -------------------------------------------------
    Total:

dl7M_tln.a: [3]
    XShttio.o                    60        8        9
    abort.o                       6
    exit.o                        4
    low_level_init.o              4
    printf.o                     40
    putchar.o                    32
    sprintf.o                    64
    xfail_s.o                    68                 4
    xprintffull_nomb.o        3 614
    xprout.o                     22
    xsprout.o                    10
    -------------------------------------------------
    Total:                    3 924        8       13

m7M_tls.a: [4]
    DblAdd.o                    360
    DblCmpGe.o                   46
    DblCmpLe.o                   46
    DblDiv.o                    582
    DblMul.o                    418
    DblSub.o                    226
    DblToS32.o                   58
    DblToU32.o                   40
    S32ToDbl.o                   34
    U32ToDbl.o                   26
    fpinit_M.o                   34
    frexp.o                     112
    ldexp.o                     314
    -------------------------------------------------
    Total:                    2 296

rt7M_tl.a: [5]
    ABImemcpy.o                 166
    I64DivMod.o                 558
    I64DivZer.o                   2
    cexit.o                      10
    cmain.o                      30
    copy_init3.o                 44
    cstartup_M.o                 12
    data_init.o                  40
    memchr.o                     88
    strchr.o                     22
    strlen.o                     54
    zero_init3.o                 64
    -------------------------------------------------
    Total:                    1 090

shb_l.a: [6]
    dwrite.o                     30
    exit.o                       20
    iarttio.o                   124
    iarwrite.o                   34
    iarwstd.o                    32
    write.o                      16
    -------------------------------------------------
    Total:                      256

    Gaps                         36        4
    Linker created                        36    2 048
-----------------------------------------------------
    Grand Total:             16 648      824    2 829


*******************************************************************************
*** ENTRY LIST
***

Entry                      Address   Size  Type      Object
-----                      -------   ----  ----      ------
.iar.init_table$$Base   0x08004110          --   Gb  - Linker created -
.iar.init_table$$Limit  0x08004134          --   Gb  - Linker created -
?main                   0x08004205         Code  Gb  cmain.o [5]
AHBPrescTable           0x08004340   0x10  Data  Gb  system_stm32f3xx.o [1]
APBPrescTable           0x0800438c    0x8  Data  Gb  system_stm32f3xx.o [1]
BusFault_Handler        0x08004277    0x2  Code  Gb  stm32f3xx_it.o [1]
CSTACK$$Base            0x20000310          --   Gb  - Linker created -
CSTACK$$Limit           0x20000b10          --   Gb  - Linker created -
DebugMon_Handler        0x0800427d    0x2  Code  Gb  stm32f3xx_it.o [1]
HAL_GPIO_Init           0x080032d5  0x1b4  Code  Gb  stm32f3xx_hal_gpio.o [1]
HAL_GPIO_WritePin       0x08003489   0x18  Code  Gb  stm32f3xx_hal_gpio.o [1]
HAL_GetTick             0x080027f1    0xc  Code  Wk  stm32f3xx_hal.o [1]
HAL_IncTick             0x0800428d   0x10  Code  Wk  stm32f3xx_hal.o [1]
HAL_Init                0x080034c5   0x22  Code  Gb  stm32f3xx_hal.o [1]
HAL_InitTick            0x080027fd   0x28  Code  Wk  stm32f3xx_hal.o [1]
HAL_MspInit             0x08003931   0x7c  Code  Gb  stm32f3xx_hal_msp.o [1]
HAL_NVIC_SetPriority    0x080028f5   0x2a  Code  Gb  stm32f3xx_hal_cortex.o [1]
HAL_NVIC_SetPriorityGrouping
                        0x080028e9    0xc  Code  Gb  stm32f3xx_hal_cortex.o [1]
HAL_RCCEx_PeriphCLKConfig
                        0x08003769  0x1ac  Code  Gb  stm32f3xx_hal_rcc_ex.o [1]
HAL_RCC_ClockConfig     0x080024b9  0x234  Code  Gb  stm32f3xx_hal_rcc.o [1]
HAL_RCC_GetHCLKFreq     0x08002765    0x6  Code  Gb  stm32f3xx_hal_rcc.o [1]
HAL_RCC_GetPCLK1Freq    0x0800276b   0x20  Code  Gb  stm32f3xx_hal_rcc.o [1]
HAL_RCC_GetPCLK2Freq    0x0800278b   0x20  Code  Gb  stm32f3xx_hal_rcc.o [1]
HAL_RCC_GetSysClockFreq
                        0x080026ed   0x78  Code  Gb  stm32f3xx_hal_rcc.o [1]
HAL_RCC_OscConfig       0x08001d31  0x788  Code  Gb  stm32f3xx_hal_rcc.o [1]
HAL_SPI_Init            0x080039ad   0xc8  Code  Gb  stm32f3xx_hal_spi.o [1]
HAL_SPI_MspInit         0x080035dd   0x48  Code  Gb  spi.o [1]
HAL_SPI_Transmit        0x08003a75  0x1c2  Code  Gb  stm32f3xx_hal_spi.o [1]
HAL_SYSTICK_CLKSourceConfig
                        0x0800292b   0x20  Code  Gb  stm32f3xx_hal_cortex.o [1]
HAL_SYSTICK_Config      0x0800291f    0xc  Code  Gb  stm32f3xx_hal_cortex.o [1]
HAL_SYSTICK_IRQHandler  0x08002969    0x8  Code  Gb  stm32f3xx_hal_cortex.o [1]
HAL_UART_Init           0x08002975   0x7e  Code  Gb  stm32f3xx_hal_uart.o [1]
HAL_UART_MspInit        0x0800300f   0x6a  Code  Gb  usart.o [1]
HAL_UART_Receive        0x08002ac3  0x11a  Code  Gb  stm32f3xx_hal_uart.o [1]
HAL_UART_Transmit       0x080029f3   0xd0  Code  Gb  stm32f3xx_hal_uart.o [1]
HardFault_Handler       0x08004273    0x2  Code  Gb  stm32f3xx_it.o [1]
LoadInt                 0x0800033b   0x7a  Code  Lc  xprintffull_nomb.o [3]
MX_GPIO_Init            0x080034ed   0x80  Code  Gb  gpio.o [1]
MX_SPI1_Init            0x0800356d   0x70  Code  Gb  spi.o [1]
MX_USART1_UART_Init     0x08002fb9   0x56  Code  Gb  usart.o [1]
MemManage_Handler       0x08004275    0x2  Code  Gb  stm32f3xx_it.o [1]
NMI_Handler             0x08004271    0x2  Code  Gb  stm32f3xx_it.o [1]
NVIC_EncodePriority     0x08002877   0x42  Code  Lc  stm32f3xx_hal_cortex.o [1]
NVIC_GetPriorityGrouping
                        0x08002841    0xa  Code  Lc  stm32f3xx_hal_cortex.o [1]
NVIC_SetPriority        0x0800284b   0x2c  Code  Lc  stm32f3xx_hal_cortex.o [1]
NVIC_SetPriorityGrouping
                        0x08002825   0x1c  Code  Lc  stm32f3xx_hal_cortex.o [1]
PendSV_Handler          0x0800427f    0x2  Code  Gb  stm32f3xx_it.o [1]
Region$$Table$$Base     0x08004110          --   Gb  - Linker created -
Region$$Table$$Limit    0x08004134          --   Gb  - Linker created -
SPI_EndRxTxTransaction  0x08003d83   0x6a  Code  Lc  stm32f3xx_hal_spi.o [1]
SPI_WaitFifoStateUntilTimeout
                        0x08003cd7   0xac  Code  Lc  stm32f3xx_hal_spi.o [1]
SPI_WaitFlagStateUntilTimeout
                        0x08003c37   0xa0  Code  Lc  stm32f3xx_hal_spi.o [1]
SVC_Handler             0x0800427b    0x2  Code  Gb  stm32f3xx_it.o [1]
SysTick_Config          0x080028b9   0x30  Code  Lc  stm32f3xx_hal_cortex.o [1]
SysTick_Handler         0x08004281    0xc  Code  Gb  stm32f3xx_it.o [1]
SystemClock_Config      0x080031bf   0x90  Code  Gb  main.o [1]
SystemCoreClock         0x20000010    0x4  Data  Gb  system_stm32f3xx.o [1]
SystemInit              0x08003ded   0x70  Code  Gb  system_stm32f3xx.o [1]
UART_AdvFeatureConfig   0x08002e01   0xda  Code  Gb  stm32f3xx_hal_uart.o [1]
UART_CheckIdleState     0x08002edb   0x6e  Code  Gb  stm32f3xx_hal_uart.o [1]
UART_SetConfig          0x08002bdd  0x206  Code  Gb  stm32f3xx_hal_uart.o [1]
UART_WaitOnFlagUntilTimeout
                        0x08002f49   0x6e  Code  Gb  stm32f3xx_hal_uart.o [1]
UsageFault_Handler      0x08004279    0x2  Code  Gb  stm32f3xx_it.o [1]
_Error_Handler          0x080032d1    0x2  Code  Gb  main.o [1]
_GenldFullNoMb          0x08000ca7  0x274  Code  Lc  xprintffull_nomb.o [3]
_LdtobFullNoMb          0x0800087d  0x3fe  Code  Lc  xprintffull_nomb.o [3]
_LitobFullNoMb          0x08000725  0x112  Code  Lc  xprintffull_nomb.o [3]
_PrintfFullNoMb         0x08000189  0x1a4  Code  Gb  xprintffull_nomb.o [3]
_Prout                  0x080042e9   0x16  Code  Gb  xprout.o [3]
_PutcharsFullNoMb       0x08000f1b   0x2e  Code  Lc  xprintffull_nomb.o [3]
_PutfldFullNoMb         0x080003b5  0x264  Code  Lc  xprintffull_nomb.o [3]
_PuttxtFullNoMb         0x08000619  0x10c  Code  Lc  xprintffull_nomb.o [3]
_SProut                 0x08000fa7    0xa  Code  Gb  xsprout.o [3]
__aeabi_cdcmple         0x08001589         Code  Gb  DblCmpLe.o [4]
__aeabi_cdrcmple        0x080015b9         Code  Gb  DblCmpGe.o [4]
__aeabi_d2iz            0x08001725         Code  Gb  DblToS32.o [4]
__aeabi_d2uiz           0x08001ab1         Code  Gb  DblToU32.o [4]
__aeabi_ddiv            0x08001869         Code  Gb  DblDiv.o [4]
__aeabi_dmul            0x080012cd         Code  Gb  DblMul.o [4]
__aeabi_dsub            0x08001785         Code  Gb  DblSub.o [4]
__aeabi_i2d             0x08001761         Code  Gb  S32ToDbl.o [4]
__aeabi_ldiv0           0x08001af9         Code  Gb  I64DivZer.o [5]
__aeabi_memcpy          0x08001471         Code  Gb  ABImemcpy.o [5]
__aeabi_memcpy4         0x08001491         Code  Gb  ABImemcpy.o [5]
__aeabi_memcpy8         0x08001491         Code  Gb  ABImemcpy.o [5]
__aeabi_ui2d            0x08001ad9         Code  Gb  U32ToDbl.o [4]
__aeabi_uldivmod        0x0800109d         Code  Gb  I64DivMod.o [5]
__cmain                 0x08004205         Code  Gb  cmain.o [5]
__dwrite                0x080041c5   0x1e  Code  Gb  dwrite.o [6]
__exit                  0x08001c65   0x14  Code  Gb  exit.o [6]
__iar_Fail_s            0x08000fc9   0x1e  Code  Gb  xfail_s.o [3]
__iar_Memchr            0x08001045         Code  Gb  memchr.o [5]
__iar_Strchr            0x08000fb1         Code  Gb  strchr.o [5]
__iar_close_ttio        0x08001c79   0x2c  Code  Gb  iarttio.o [6]
__iar_copy_init3        0x08003fe1   0x2c  Code  Gb  copy_init3.o [5]
__iar_dadd              0x08001795         Code  Gb  DblSub.o [4]
__iar_data_init3        0x0800405d   0x28  Code  Gb  data_init.o [5]
__iar_dsub              0x08001afd         Code  Gb  DblAdd.o [4]
__iar_dsubStart         0x08001b0f         Code  Gb  DblAdd.o [4]
__iar_frexp             0x08001525         Code  Gb  frexp.o [4]
__iar_frexpl            0x08001525         Code  Gb  frexp.o [4]
__iar_get_ttio          0x08001ca5   0x4c  Code  Gb  iarttio.o [6]
__iar_init_vfp          0x080040cd         Code  Gb  fpinit_M.o [4]
__iar_ldexp64           0x080015e9         Code  Gb  ldexp.o [4]
__iar_lookup_ttioh      0x08001d23    0x4  Code  Gb  XShttio.o [3]
__iar_program_start     0x08004379         Code  Gb  cstartup_M.o [5]
__iar_scalbln64         0x080015e9         Code  Gb  ldexp.o [4]
__iar_scalbn64          0x080015e9         Code  Gb  ldexp.o [4]
__iar_sh_stdout         0x080041e3   0x20  Code  Gb  iarwstd.o [6]
__iar_sh_write          0x080040ef   0x22  Code  Gb  iarwrite.o [6]
__iar_softfp___iar_frexp64
                        0x08001519         Code  Gb  frexp.o [4]
__iar_softfp_frexp      0x08001519         Code  Gb  frexp.o [4]
__iar_softfp_frexpl     0x08001519         Code  Gb  frexp.o [4]
__iar_systems$$module {Abs}
                        0x00000001         Data  Gb  command line/config [2]
__iar_ttio_guard_lock   0x08001cf5   0x1e  Code  Gb  XShttio.o [3]
__iar_ttio_guard_unlock
                        0x08001d13   0x10  Code  Gb  XShttio.o [3]
__iar_ttio_handles      0x20000014    0x8  Data  Lc  XShttio.o [3]
__iar_zero_init3        0x08003fa1   0x40  Code  Gb  zero_init3.o [5]
__low_level_init        0x08004223    0x4  Code  Gb  low_level_init.o [3]
__vector_table          0x08000000         Data  Gb  startup_stm32f303x8.o [1]
__write                 0x080041b5   0x10  Code  Gb  write.o [6]
_call_main              0x08004211         Code  Gb  cmain.o [5]
_exit                   0x0800422d         Code  Gb  cexit.o [5]
_main                   0x0800421f         Code  Gb  cmain.o [5]
aPLLMULFactorTable      0x08004320   0x10  Data  Gb  stm32f3xx_hal_rcc.o [1]
aPredivFactorTable      0x08004330   0x10  Data  Gb  stm32f3xx_hal_rcc.o [1]
abort                   0x08001af3    0x6  Code  Gb  abort.o [3]
displayInit             0x08003635   0x7c  Code  Gb  displayMethods.o [1]
exit                    0x08004227    0x4  Code  Gb  exit.o [3]
hspi1                   0x2000026c   0x64  Data  Gb  spi.o [1]
huart1                  0x200001fc   0x70  Data  Gb  usart.o [1]
ldexp                   0x080015e9         Code  Gb  ldexp.o [4]
ldexpl                  0x080015e9         Code  Gb  ldexp.o [4]
main                    0x08003089  0x136  Code  Gb  main.o [1]
main::command2          0x20000000   0x10  Data  Lc  main.o [1]
main::commandBuffer     0x2000001c  0x1e0  Data  Lc  main.o [1]
main{4}{5}{6}::buffer   0x200002d0   0x34  Data  Lc  main.o [1]
memchr                  0x08001045         Code  Gb  memchr.o [5]
printf                  0x08003701   0x28  Code  Gb  printf.o [3]
putchar                 0x08004195   0x20  Code  Gb  putchar.o [3]
scalbln                 0x080015e9         Code  Gb  ldexp.o [4]
scalblnl                0x080015e9         Code  Gb  ldexp.o [4]
scalbn                  0x080015e9         Code  Gb  ldexp.o [4]
scalbnl                 0x080015e9         Code  Gb  ldexp.o [4]
scale                   0x08000837   0x46  Code  Lc  xprintffull_nomb.o [3]
sec_hand                0x20000308    0x4  Data  Lc  xfail_s.o [3]
sendDisplay             0x080036b1   0x4a  Code  Gb  displayMethods.o [1]
sprintf                 0x08003729   0x40  Code  Gb  sprintf.o [3]
strchr                  0x08000fb1         Code  Gb  strchr.o [5]
strlen                  0x0800100d         Code  Gb  strlen.o [5]
ttio_guard              0x2000030c    0x1  Data  Lc  XShttio.o [3]
uwTick                  0x20000304    0x4  Data  Gb  stm32f3xx_hal.o [1]


[1] = C:\Users\Elias\Desktop\II1302\se.kth.ii1302.grupp2\hardware\wifi\digiboard-wifi\test-wifi\Debug\Obj
[2] = command line
[3] = dl7M_tln.a
[4] = m7M_tls.a
[5] = rt7M_tl.a
[6] = shb_l.a

  16 648 bytes of readonly  code memory
     824 bytes of readonly  data memory
   2 829 bytes of readwrite data memory

Errors: none
Warnings: none
